{"timestamp":"2026-10-05T11:06:30.726505Z","level":"info","event":"::group::Pre Execute","logger":"task","filename":"task_runner.py","lineno":2412}
{"timestamp":"2026-10-05T11:06:30.731779Z","level":"info","event":"DAG bundles loaded: dags-folder","run_id":"acceptance_petch_2f9b6c8_20261005_retry1","task_id":"experiment_3","map_index":-1,"ti_id":"01a10bb7-e52c-73b7-b01c-f741fe0c5669","dag_id":"demand_forecasting_e2e","try_number":1,"logger":"airflow.dag_processing.bundles.manager.DagBundlesManager","filename":"manager.py","lineno":304}
{"timestamp":"2026-10-05T11:06:30.732392Z","level":"info","event":"Filling up the DagBag from /project/orchestration/airflow/dags/demand_forecasting_e2e.py","run_id":"acceptance_petch_2f9b6c8_20261005_retry1","task_id":"experiment_3","map_index":-1,"ti_id":"01a10bb7-e52c-73b7-b01c-f741fe0c5669","dag_id":"demand_forecasting_e2e","try_number":1,"logger":"airflow.dag_processing.dagbag.BundleDagBag","filename":"dagbag.py","lineno":460}
{"timestamp":"2026-10-05T11:06:30.771213Z","level":"info","event":"Worker startup parse complete","bundle_name":"dags-folder","bundle_version":null,"dag_file":"demand_forecasting_e2e.py","dag_id":"demand_forecasting_e2e","bundle_prepare_ms":1,"dag_file_parse_ms":38,"run_id":"acceptance_petch_2f9b6c8_20261005_retry1","task_id":"experiment_3","map_index":-1,"ti_id":"01a10bb7-e52c-73b7-b01c-f741fe0c5669","try_number":1,"logger":"task","filename":"task_runner.py","lineno":1073}
{"timestamp":"2026-10-05T11:06:30.793157Z","level":"info","event":"::endgroup::","run_id":"acceptance_petch_2f9b6c8_20261005_retry1","task_id":"experiment_3","map_index":-1,"ti_id":"01a10bb7-e52c-73b7-b01c-f741fe0c5669","dag_id":"demand_forecasting_e2e","try_number":1,"logger":"task","filename":"task_runner.py","lineno":2232}
{"timestamp":"2026-10-05T11:06:30.795336Z","level":"info","event":"COMMAND: /opt/project-venv/bin/python /project/artifacts/orchestration/runs/acceptance_petch_2f9b6c8_20261005_retry1/project/orchestration/airflow/run_stage.py experiment_3 --run-id acceptance_petch_2f9b6c8_20261005_retry1 --scenario normal","logger":"task.stdout"}
{"timestamp":"2026-10-05T11:06:30.857004Z","level":"info","event":"COMMAND: /opt/project-venv/bin/python -m src.demand_forecasting.training.experiment3","logger":"task.stdout"}
{"timestamp":"2026-10-05T11:06:36.511227Z","level":"info","event":"Train target distribution: {'train_rows': 2141532, 'mean': 24.4193820125032, 'variance': 19857.44835502198, 'variance_to_mean': 813.1839022320295, 'zero_ratio': 0.557109116277506, 'low_le_1_ratio': 0.6123158561254279, 'low_le_5_ratio': 0.6982916902479159, 'p95': 111}","logger":"task.stdout"}
{"timestamp":"2026-10-05T11:06:37.432921Z","level":"error","event":"/opt/project-venv/lib/python3.12/site-packages/sklearn/utils/validation.py:2749: UserWarning: X does not have valid feature names, but LGBMRegressor was fitted with feature names","logger":"task.stderr"}
{"timestamp":"2026-10-05T11:06:37.433219Z","level":"error","event":"  warnings.warn(","logger":"task.stderr"}
{"timestamp":"2026-10-05T11:06:37.759188Z","level":"info","event":"Reference fold_1: MAE=24.4084; baseline=31.2150","logger":"task.stdout"}
{"timestamp":"2026-10-05T11:06:38.635087Z","level":"error","event":"/opt/project-venv/lib/python3.12/site-packages/sklearn/utils/validation.py:2749: UserWarning: X does not have valid feature names, but LGBMRegressor was fitted with feature names","logger":"task.stderr"}
{"timestamp":"2026-10-05T11:06:38.635377Z","level":"error","event":"  warnings.warn(","logger":"task.stderr"}
{"timestamp":"2026-10-05T11:06:38.938069Z","level":"info","event":"Reference fold_2: MAE=14.1178; baseline=16.2549","logger":"task.stdout"}
{"timestamp":"2026-10-05T11:06:39.755448Z","level":"error","event":"/opt/project-venv/lib/python3.12/site-packages/sklearn/utils/validation.py:2749: UserWarning: X does not have valid feature names, but LGBMRegressor was fitted with feature names","logger":"task.stderr"}
{"timestamp":"2026-10-05T11:06:39.755687Z","level":"error","event":"  warnings.warn(","logger":"task.stderr"}
{"timestamp":"2026-10-05T11:06:40.113354Z","level":"info","event":"Reference fold_3: MAE=12.3838; baseline=16.7483","logger":"task.stdout"}
{"timestamp":"2026-10-05T11:06:40.917987Z","level":"error","event":"/opt/project-venv/lib/python3.12/site-packages/sklearn/utils/validation.py:2749: UserWarning: X does not have valid feature names, but LGBMRegressor was fitted with feature names","logger":"task.stderr"}
{"timestamp":"2026-10-05T11:06:40.918231Z","level":"error","event":"  warnings.warn(","logger":"task.stderr"}
{"timestamp":"2026-10-05T11:06:41.269176Z","level":"info","event":"Reference fold_4: MAE=14.7644; baseline=19.2015","logger":"task.stdout"}
{"timestamp":"2026-10-05T11:06:43.074059Z","level":"error","event":"/opt/project-venv/lib/python3.12/site-packages/sklearn/utils/validation.py:2749: UserWarning: X does not have valid feature names, but LGBMRegressor was fitted with feature names","logger":"task.stderr"}
{"timestamp":"2026-10-05T11:06:43.074313Z","level":"error","event":"  warnings.warn(","logger":"task.stderr"}
{"timestamp":"2026-10-05T11:06:43.756204Z","level":"info","event":"l1_more_trees fold_1: MAE=24.3461","logger":"task.stdout"}
{"timestamp":"2026-10-05T11:06:45.431392Z","level":"error","event":"/opt/project-venv/lib/python3.12/site-packages/sklearn/utils/validation.py:2749: UserWarning: X does not have valid feature names, but LGBMRegressor was fitted with feature names","logger":"task.stderr"}
{"timestamp":"2026-10-05T11:06:45.431729Z","level":"error","event":"  warnings.warn(","logger":"task.stderr"}
{"timestamp":"2026-10-05T11:06:46.129299Z","level":"info","event":"l1_more_trees fold_2: MAE=13.5197","logger":"task.stdout"}
{"timestamp":"2026-10-05T11:06:47.817835Z","level":"error","event":"/opt/project-venv/lib/python3.12/site-packages/sklearn/utils/validation.py:2749: UserWarning: X does not have valid feature names, but LGBMRegressor was fitted with feature names","logger":"task.stderr"}
{"timestamp":"2026-10-05T11:06:47.818094Z","level":"error","event":"  warnings.warn(","logger":"task.stderr"}
{"timestamp":"2026-10-05T11:06:48.542037Z","level":"info","event":"l1_more_trees fold_3: MAE=12.3795","logger":"task.stdout"}
{"timestamp":"2026-10-05T11:06:50.138184Z","level":"error","event":"/opt/project-venv/lib/python3.12/site-packages/sklearn/utils/validation.py:2749: UserWarning: X does not have valid feature names, but LGBMRegressor was fitted with feature names","logger":"task.stderr"}
{"timestamp":"2026-10-05T11:06:50.138526Z","level":"error","event":"  warnings.warn(","logger":"task.stderr"}
{"timestamp":"2026-10-05T11:06:50.951036Z","level":"info","event":"l1_more_trees fold_4: MAE=14.6647","logger":"task.stdout"}
{"timestamp":"2026-10-05T11:06:52.447126Z","level":"error","event":"/opt/project-venv/lib/python3.12/site-packages/sklearn/utils/validation.py:2749: UserWarning: X does not have valid feature names, but LGBMRegressor was fitted with feature names","logger":"task.stderr"}
{"timestamp":"2026-10-05T11:06:52.447405Z","level":"error","event":"  warnings.warn(","logger":"task.stderr"}
{"timestamp":"2026-10-05T11:06:53.182219Z","level":"info","event":"l1_capacity fold_1: MAE=24.2946","logger":"task.stdout"}
{"timestamp":"2026-10-05T11:06:54.764943Z","level":"error","event":"/opt/project-venv/lib/python3.12/site-packages/sklearn/utils/validation.py:2749: UserWarning: X does not have valid feature names, but LGBMRegressor was fitted with feature names","logger":"task.stderr"}
{"timestamp":"2026-10-05T11:06:54.765237Z","level":"error","event":"  warnings.warn(","logger":"task.stderr"}
{"timestamp":"2026-10-05T11:06:55.530028Z","level":"info","event":"l1_capacity fold_2: MAE=13.7416","logger":"task.stdout"}
{"timestamp":"2026-10-05T11:06:57.070182Z","level":"error","event":"/opt/project-venv/lib/python3.12/site-packages/sklearn/utils/validation.py:2749: UserWarning: X does not have valid feature names, but LGBMRegressor was fitted with feature names","logger":"task.stderr"}
{"timestamp":"2026-10-05T11:06:57.070538Z","level":"error","event":"  warnings.warn(","logger":"task.stderr"}
{"timestamp":"2026-10-05T11:06:57.922621Z","level":"info","event":"l1_capacity fold_3: MAE=12.4275","logger":"task.stdout"}
{"timestamp":"2026-10-05T11:06:59.572765Z","level":"error","event":"/opt/project-venv/lib/python3.12/site-packages/sklearn/utils/validation.py:2749: UserWarning: X does not have valid feature names, but LGBMRegressor was fitted with feature names","logger":"task.stderr"}
{"timestamp":"2026-10-05T11:06:59.572998Z","level":"error","event":"  warnings.warn(","logger":"task.stderr"}
{"timestamp":"2026-10-05T11:07:00.508934Z","level":"info","event":"l1_capacity fold_4: MAE=14.5750","logger":"task.stdout"}
{"timestamp":"2026-10-05T11:07:01.792337Z","level":"error","event":"/opt/project-venv/lib/python3.12/site-packages/sklearn/utils/validation.py:2749: UserWarning: X does not have valid feature names, but LGBMRegressor was fitted with feature names","logger":"task.stderr"}
{"timestamp":"2026-10-05T11:07:01.792572Z","level":"error","event":"  warnings.warn(","logger":"task.stderr"}
{"timestamp":"2026-10-05T11:07:02.246657Z","level":"info","event":"l1_regularized fold_1: MAE=24.5482","logger":"task.stdout"}
{"timestamp":"2026-10-05T11:07:03.400538Z","level":"error","event":"/opt/project-venv/lib/python3.12/site-packages/sklearn/utils/validation.py:2749: UserWarning: X does not have valid feature names, but LGBMRegressor was fitted with feature names","logger":"task.stderr"}
{"timestamp":"2026-10-05T11:07:03.400798Z","level":"error","event":"  warnings.warn(","logger":"task.stderr"}
{"timestamp":"2026-10-05T11:07:03.795106Z","level":"info","event":"l1_regularized fold_2: MAE=13.9008","logger":"task.stdout"}
{"timestamp":"2026-10-05T11:07:04.927531Z","level":"error","event":"/opt/project-venv/lib/python3.12/site-packages/sklearn/utils/validation.py:2749: UserWarning: X does not have valid feature names, but LGBMRegressor was fitted with feature names","logger":"task.stderr"}
{"timestamp":"2026-10-05T11:07:04.927762Z","level":"error","event":"  warnings.warn(","logger":"task.stderr"}
{"timestamp":"2026-10-05T11:07:05.350403Z","level":"info","event":"l1_regularized fold_3: MAE=12.5058","logger":"task.stdout"}
{"timestamp":"2026-10-05T11:07:06.497057Z","level":"error","event":"/opt/project-venv/lib/python3.12/site-packages/sklearn/utils/validation.py:2749: UserWarning: X does not have valid feature names, but LGBMRegressor was fitted with feature names","logger":"task.stderr"}
{"timestamp":"2026-10-05T11:07:06.497410Z","level":"error","event":"  warnings.warn(","logger":"task.stderr"}
{"timestamp":"2026-10-05T11:07:06.964241Z","level":"info","event":"l1_regularized fold_4: MAE=14.8217","logger":"task.stdout"}
{"timestamp":"2026-10-05T11:07:07.671905Z","level":"error","event":"/opt/project-venv/lib/python3.12/site-packages/sklearn/utils/validation.py:2749: UserWarning: X does not have valid feature names, but LGBMRegressor was fitted with feature names","logger":"task.stderr"}
{"timestamp":"2026-10-05T11:07:07.672172Z","level":"error","event":"  warnings.warn(","logger":"task.stderr"}
{"timestamp":"2026-10-05T11:07:07.960931Z","level":"info","event":"poisson_count fold_1: MAE=34.5084","logger":"task.stdout"}
{"timestamp":"2026-10-05T11:07:08.686510Z","level":"error","event":"/opt/project-venv/lib/python3.12/site-packages/sklearn/utils/validation.py:2749: UserWarning: X does not have valid feature names, but LGBMRegressor was fitted with feature names","logger":"task.stderr"}
{"timestamp":"2026-10-05T11:07:08.686787Z","level":"error","event":"  warnings.warn(","logger":"task.stderr"}
{"timestamp":"2026-10-05T11:07:08.970652Z","level":"info","event":"poisson_count fold_2: MAE=17.9498","logger":"task.stdout"}
{"timestamp":"2026-10-05T11:07:09.720420Z","level":"error","event":"/opt/project-venv/lib/python3.12/site-packages/sklearn/utils/validation.py:2749: UserWarning: X does not have valid feature names, but LGBMRegressor was fitted with feature names","logger":"task.stderr"}
{"timestamp":"2026-10-05T11:07:09.720711Z","level":"error","event":"  warnings.warn(","logger":"task.stderr"}
{"timestamp":"2026-10-05T11:07:10.024437Z","level":"info","event":"poisson_count fold_3: MAE=15.9051","logger":"task.stdout"}
{"timestamp":"2026-10-05T11:07:10.781629Z","level":"error","event":"/opt/project-venv/lib/python3.12/site-packages/sklearn/utils/validation.py:2749: UserWarning: X does not have valid feature names, but LGBMRegressor was fitted with feature names","logger":"task.stderr"}
{"timestamp":"2026-10-05T11:07:10.781874Z","level":"error","event":"  warnings.warn(","logger":"task.stderr"}
{"timestamp":"2026-10-05T11:07:11.096895Z","level":"info","event":"poisson_count fold_4: MAE=18.0326","logger":"task.stdout"}
{"timestamp":"2026-10-05T11:07:34.073296Z","level":"error","event":"/opt/project-venv/lib/python3.12/site-packages/sklearn/utils/validation.py:2749: UserWarning: X does not have valid feature names, but LGBMRegressor was fitted with feature names","logger":"task.stderr"}
{"timestamp":"2026-10-05T11:07:34.073614Z","level":"error","event":"  warnings.warn(","logger":"task.stderr"}
{"timestamp":"2026-10-05T11:07:34.074270Z","level":"error","event":"/opt/project-venv/lib/python3.12/site-packages/sklearn/utils/validation.py:2749: UserWarning: X does not have valid feature names, but LGBMRegressor was fitted with feature names","logger":"task.stderr"}
{"timestamp":"2026-10-05T11:07:34.074449Z","level":"error","event":"  warnings.warn(","logger":"task.stderr"}
{"timestamp":"2026-10-05T11:07:34.117792Z","level":"info","event":"Final candidate: l1_more_trees mean MAE=16.2275, baseline=20.8549, fit rows=2,536,231","logger":"task.stdout"}
{"timestamp":"2026-10-05T11:07:34.118059Z","level":"info","event":"Artifacts: /project/artifacts/orchestration/runs/acceptance_petch_2f9b6c8_20261005_retry1/project/artifacts/training","logger":"task.stdout"}
{"timestamp":"2026-10-05T11:07:34.367195Z","level":"info","event":"{\"stage\": \"experiment_3\", \"status\": \"success\", \"evidence\": \"/project/reports/orchestration/acceptance_petch_2f9b6c8_20261005_retry1\"}","logger":"task.stdout"}
{"timestamp":"2026-10-05T11:07:34.376481Z","level":"info","event":"Done. Returned value was: None","run_id":"acceptance_petch_2f9b6c8_20261005_retry1","task_id":"experiment_3","map_index":-1,"ti_id":"01a10bb7-e52c-73b7-b01c-f741fe0c5669","dag_id":"demand_forecasting_e2e","try_number":1,"logger":"airflow.task.operators.airflow.providers.standard.decorators.python._PythonDecoratedOperator","filename":"python.py","lineno":233}
{"timestamp":"2026-10-05T11:07:34.376747Z","level":"info","event":"::group::Post Execute","run_id":"acceptance_petch_2f9b6c8_20261005_retry1","task_id":"experiment_3","map_index":-1,"ti_id":"01a10bb7-e52c-73b7-b01c-f741fe0c5669","dag_id":"demand_forecasting_e2e","try_number":1,"logger":"task","filename":"task_runner.py","lineno":1580}
{"timestamp":"2026-10-05T11:07:34.390239Z","level":"info","event":"::endgroup::","run_id":"acceptance_petch_2f9b6c8_20261005_retry1","task_id":"experiment_3","map_index":-1,"ti_id":"01a10bb7-e52c-73b7-b01c-f741fe0c5669","dag_id":"demand_forecasting_e2e","try_number":1,"logger":"task","filename":"task_runner.py","lineno":2379}
