{"timestamp":"2026-10-05T10:55:51.010143Z","level":"info","event":"::group::Pre Execute","logger":"task","filename":"task_runner.py","lineno":2412}
{"timestamp":"2026-10-05T10:55:51.021883Z","level":"info","event":"DAG bundles loaded: dags-folder","task_id":"prepare_data","dag_id":"demand_forecasting_e2e","run_id":"acceptance_petch_2f9b6c8_20261005","map_index":-1,"try_number":1,"ti_id":"01a10bb4-84dd-7235-b37b-09a591d1edf8","logger":"airflow.dag_processing.bundles.manager.DagBundlesManager","filename":"manager.py","lineno":304}
{"timestamp":"2026-10-05T10:55:51.022665Z","level":"info","event":"Filling up the DagBag from /project/orchestration/airflow/dags/demand_forecasting_e2e.py","task_id":"prepare_data","dag_id":"demand_forecasting_e2e","run_id":"acceptance_petch_2f9b6c8_20261005","map_index":-1,"try_number":1,"ti_id":"01a10bb4-84dd-7235-b37b-09a591d1edf8","logger":"airflow.dag_processing.dagbag.BundleDagBag","filename":"dagbag.py","lineno":460}
{"timestamp":"2026-10-05T10:55:51.064822Z","level":"info","event":"Worker startup parse complete","bundle_name":"dags-folder","bundle_version":null,"dag_file":"demand_forecasting_e2e.py","dag_id":"demand_forecasting_e2e","bundle_prepare_ms":1,"dag_file_parse_ms":42,"task_id":"prepare_data","run_id":"acceptance_petch_2f9b6c8_20261005","map_index":-1,"try_number":1,"ti_id":"01a10bb4-84dd-7235-b37b-09a591d1edf8","logger":"task","filename":"task_runner.py","lineno":1073}
{"timestamp":"2026-10-05T10:55:51.089489Z","level":"info","event":"::endgroup::","task_id":"prepare_data","dag_id":"demand_forecasting_e2e","run_id":"acceptance_petch_2f9b6c8_20261005","map_index":-1,"try_number":1,"ti_id":"01a10bb4-84dd-7235-b37b-09a591d1edf8","logger":"task","filename":"task_runner.py","lineno":2232}
{"timestamp":"2026-10-05T10:55:51.091399Z","level":"info","event":"COMMAND: /opt/project-venv/bin/python /project/artifacts/orchestration/runs/acceptance_petch_2f9b6c8_20261005/project/orchestration/airflow/run_stage.py prepare_data --run-id acceptance_petch_2f9b6c8_20261005 --scenario normal","logger":"task.stdout"}
{"timestamp":"2026-10-05T10:55:51.152318Z","level":"info","event":"COMMAND: /opt/project-venv/bin/python scripts/download_data.py","logger":"task.stdout"}
{"timestamp":"2026-10-05T10:57:47.000773Z","level":"error","event":"Traceback (most recent call last):","logger":"task.stderr"}
{"timestamp":"2026-10-05T10:57:47.001161Z","level":"error","event":"  File \"/usr/python/lib/python3.12/http/client.py\", line 603, in _get_chunk_left","logger":"task.stderr"}
{"timestamp":"2026-10-05T10:57:47.001648Z","level":"error","event":"    chunk_left = self._read_next_chunk_size()","logger":"task.stderr"}
{"timestamp":"2026-10-05T10:57:47.001845Z","level":"error","event":"                 ^^^^^^^^^^^^^^^^^^^^^^^^^^^^","logger":"task.stderr"}
{"timestamp":"2026-10-05T10:57:47.002004Z","level":"error","event":"  File \"/usr/python/lib/python3.12/http/client.py\", line 561, in _read_next_chunk_size","logger":"task.stderr"}
{"timestamp":"2026-10-05T10:57:47.002160Z","level":"error","event":"    return int(line, 16)","logger":"task.stderr"}
{"timestamp":"2026-10-05T10:57:47.002334Z","level":"error","event":"           ^^^^^^^^^^^^^","logger":"task.stderr"}
{"timestamp":"2026-10-05T10:57:47.002453Z","level":"error","event":"ValueError: invalid literal for int() with base 16: b''","logger":"task.stderr"}
{"timestamp":"2026-10-05T10:57:47.002579Z","level":"error","event":"","logger":"task.stderr"}
{"timestamp":"2026-10-05T10:57:47.002685Z","level":"error","event":"During handling of the above exception, another exception occurred:","logger":"task.stderr"}
{"timestamp":"2026-10-05T10:57:47.002790Z","level":"error","event":"","logger":"task.stderr"}
{"timestamp":"2026-10-05T10:57:47.002901Z","level":"error","event":"Traceback (most recent call last):","logger":"task.stderr"}
{"timestamp":"2026-10-05T10:57:47.003045Z","level":"error","event":"  File \"/usr/python/lib/python3.12/http/client.py\", line 621, in _read_chunked","logger":"task.stderr"}
{"timestamp":"2026-10-05T10:57:47.003178Z","level":"error","event":"    while (chunk_left := self._get_chunk_left()) is not None:","logger":"task.stderr"}
{"timestamp":"2026-10-05T10:57:47.003309Z","level":"error","event":"                         ^^^^^^^^^^^^^^^^^^^^^^","logger":"task.stderr"}
{"timestamp":"2026-10-05T10:57:47.003442Z","level":"error","event":"  File \"/usr/python/lib/python3.12/http/client.py\", line 605, in _get_chunk_left","logger":"task.stderr"}
{"timestamp":"2026-10-05T10:57:47.003580Z","level":"error","event":"    raise IncompleteRead(b'')","logger":"task.stderr"}
{"timestamp":"2026-10-05T10:57:47.003708Z","level":"error","event":"http.client.IncompleteRead: IncompleteRead(0 bytes read)","logger":"task.stderr"}
{"timestamp":"2026-10-05T10:57:47.003816Z","level":"error","event":"","logger":"task.stderr"}
{"timestamp":"2026-10-05T10:57:47.003920Z","level":"error","event":"The above exception was the direct cause of the following exception:","logger":"task.stderr"}
{"timestamp":"2026-10-05T10:57:47.004028Z","level":"error","event":"","logger":"task.stderr"}
{"timestamp":"2026-10-05T10:57:47.004157Z","level":"error","event":"Traceback (most recent call last):","logger":"task.stderr"}
{"timestamp":"2026-10-05T10:57:47.004296Z","level":"error","event":"  File \"/project/artifacts/orchestration/runs/acceptance_petch_2f9b6c8_20261005/project/scripts/download_data.py\", line 76, in <module>","logger":"task.stderr"}
{"timestamp":"2026-10-05T10:57:47.004432Z","level":"error","event":"    main()","logger":"task.stderr"}
{"timestamp":"2026-10-05T10:57:47.004557Z","level":"error","event":"  File \"/project/artifacts/orchestration/runs/acceptance_petch_2f9b6c8_20261005/project/scripts/download_data.py\", line 70, in main","logger":"task.stderr"}
{"timestamp":"2026-10-05T10:57:47.004659Z","level":"error","event":"    download_archive(ZIP_PATH, force=args.force)","logger":"task.stderr"}
{"timestamp":"2026-10-05T10:57:47.004836Z","level":"error","event":"  File \"/project/artifacts/orchestration/runs/acceptance_petch_2f9b6c8_20261005/project/scripts/download_data.py\", line 34, in download_archive","logger":"task.stderr"}
{"timestamp":"2026-10-05T10:57:47.004968Z","level":"error","event":"    shutil.copyfileobj(response, output)","logger":"task.stderr"}
{"timestamp":"2026-10-05T10:57:47.005100Z","level":"error","event":"  File \"/usr/python/lib/python3.12/shutil.py\", line 203, in copyfileobj","logger":"task.stderr"}
{"timestamp":"2026-10-05T10:57:47.005228Z","level":"error","event":"    while buf := fsrc_read(length):","logger":"task.stderr"}
{"timestamp":"2026-10-05T10:57:47.005391Z","level":"error","event":"                 ^^^^^^^^^^^^^^^^^","logger":"task.stderr"}
{"timestamp":"2026-10-05T10:57:47.005548Z","level":"error","event":"  File \"/usr/python/lib/python3.12/http/client.py\", line 488, in read","logger":"task.stderr"}
{"timestamp":"2026-10-05T10:57:47.005700Z","level":"error","event":"    return self._read_chunked(amt)","logger":"task.stderr"}
{"timestamp":"2026-10-05T10:57:47.005853Z","level":"error","event":"           ^^^^^^^^^^^^^^^^^^^^^^^","logger":"task.stderr"}
{"timestamp":"2026-10-05T10:57:47.006008Z","level":"error","event":"  File \"/usr/python/lib/python3.12/http/client.py\", line 633, in _read_chunked","logger":"task.stderr"}
{"timestamp":"2026-10-05T10:57:47.006136Z","level":"error","event":"    raise IncompleteRead(b''.join(value)) from exc","logger":"task.stderr"}
{"timestamp":"2026-10-05T10:57:47.006259Z","level":"error","event":"http.client.IncompleteRead: IncompleteRead(0 bytes read)","logger":"task.stderr"}
{"timestamp":"2026-10-05T10:57:47.015623Z","level":"info","event":"ALERT: prepare_data: Command '['/opt/project-venv/bin/python', 'scripts/download_data.py']' returned non-zero exit status 1.","logger":"task.stdout"}
{"timestamp":"2026-10-05T10:57:47.017358Z","level":"error","event":"Traceback (most recent call last):","logger":"task.stderr"}
{"timestamp":"2026-10-05T10:57:47.020391Z","level":"error","event":"  File \"/project/artifacts/orchestration/runs/acceptance_petch_2f9b6c8_20261005/project/orchestration/airflow/run_stage.py\", line 636, in main","logger":"task.stderr"}
{"timestamp":"2026-10-05T10:57:47.020625Z","level":"error","event":"    result = getattr(flow, args.stage)()","logger":"task.stderr"}
{"timestamp":"2026-10-05T10:57:47.020777Z","level":"error","event":"             ^^^^^^^^^^^^^^^^^^^^^^^^^^^","logger":"task.stderr"}
{"timestamp":"2026-10-05T10:57:47.020941Z","level":"error","event":"  File \"/project/artifacts/orchestration/runs/acceptance_petch_2f9b6c8_20261005/project/orchestration/airflow/run_stage.py\", line 124, in prepare_data","logger":"task.stderr"}
{"timestamp":"2026-10-05T10:57:47.021109Z","level":"error","event":"    self.command('scripts/download_data.py')","logger":"task.stderr"}
{"timestamp":"2026-10-05T10:57:47.021277Z","level":"error","event":"  File \"/project/artifacts/orchestration/runs/acceptance_petch_2f9b6c8_20261005/project/orchestration/airflow/run_stage.py\", line 82, in command","logger":"task.stderr"}
{"timestamp":"2026-10-05T10:57:47.021410Z","level":"error","event":"    subprocess.run([sys.executable, *map(str, args)], cwd=self.work, check=True)","logger":"task.stderr"}
{"timestamp":"2026-10-05T10:57:47.021518Z","level":"error","event":"  File \"/usr/python/lib/python3.12/subprocess.py\", line 571, in run","logger":"task.stderr"}
{"timestamp":"2026-10-05T10:57:47.021638Z","level":"error","event":"    raise CalledProcessError(retcode, process.args,","logger":"task.stderr"}
{"timestamp":"2026-10-05T10:57:47.021858Z","level":"error","event":"subprocess.CalledProcessError: Command '['/opt/project-venv/bin/python', 'scripts/download_data.py']' returned non-zero exit status 1.","logger":"task.stderr"}
{"timestamp":"2026-10-05T10:57:47.028341Z","level":"error","event":"Task failed with exception","task_id":"prepare_data","dag_id":"demand_forecasting_e2e","run_id":"acceptance_petch_2f9b6c8_20261005","map_index":-1,"try_number":1,"ti_id":"01a10bb4-84dd-7235-b37b-09a591d1edf8","logger":"task","filename":"task_runner.py","lineno":1676,"error_detail":[{"exc_type":"CalledProcessError","exc_value":"Command '['/opt/project-venv/bin/python', '/project/artifacts/orchestration/runs/acceptance_petch_2f9b6c8_20261005/project/orchestration/airflow/run_stage.py', 'prepare_data', '--run-id', 'acceptance_petch_2f9b6c8_20261005', '--scenario', 'normal']' returned non-zero exit status 1.","exc_notes":[],"syntax_error":null,"is_cause":false,"frames":[{"filename":"/home/airflow/.local/lib/python3.12/site-packages/airflow/sdk/execution_time/task_runner.py","lineno":1579,"name":"_run_task_and_map_outcome"},{"filename":"/home/airflow/.local/lib/python3.12/site-packages/airflow/sdk/execution_time/task_runner.py","lineno":197,"name":"wrapper"},{"filename":"/home/airflow/.local/lib/python3.12/site-packages/airflow/sdk/execution_time/task_runner.py","lineno":2234,"name":"_execute_task"},{"filename":"/home/airflow/.local/lib/python3.12/site-packages/airflow/sdk/execution_time/task_runner.py","lineno":197,"name":"wrapper"},{"filename":"/home/airflow/.local/lib/python3.12/site-packages/airflow/sdk/execution_time/task_runner.py","lineno":2187,"name":"_run_execute_callable"},{"filename":"/home/airflow/.local/lib/python3.12/site-packages/airflow/sdk/bases/operator.py","lineno":462,"name":"wrapper"},{"filename":"/home/airflow/.local/lib/python3.12/site-packages/airflow/sdk/bases/decorator.py","lineno":435,"name":"execute"},{"filename":"/home/airflow/.local/lib/python3.12/site-packages/airflow/sdk/bases/operator.py","lineno":462,"name":"wrapper"},{"filename":"/home/airflow/.local/lib/python3.12/site-packages/airflow/providers/standard/operators/python.py","lineno":231,"name":"execute"},{"filename":"/home/airflow/.local/lib/python3.12/site-packages/airflow/providers/standard/operators/python.py","lineno":254,"name":"execute_callable"},{"filename":"/home/airflow/.local/lib/python3.12/site-packages/airflow/sdk/execution_time/callback_runner.py","lineno":97,"name":"run"},{"filename":"/project/orchestration/airflow/dags/demand_forecasting_e2e.py","lineno":49,"name":"execute_stage"},{"filename":"/project/orchestration/airflow/dags/demand_forecasting_e2e.py","lineno":38,"name":"invoke"},{"filename":"/usr/python/lib/python3.12/subprocess.py","lineno":571,"name":"run"}],"is_group":false,"exceptions":[]}]}
{"timestamp":"2026-10-05T10:57:47.028787Z","level":"info","event":"::group::Post Execute","task_id":"prepare_data","dag_id":"demand_forecasting_e2e","run_id":"acceptance_petch_2f9b6c8_20261005","map_index":-1,"try_number":1,"ti_id":"01a10bb4-84dd-7235-b37b-09a591d1edf8","logger":"task","filename":"task_runner.py","lineno":1677}
{"timestamp":"2026-10-05T10:57:47.036648Z","level":"info","event":"::endgroup::","task_id":"prepare_data","dag_id":"demand_forecasting_e2e","run_id":"acceptance_petch_2f9b6c8_20261005","map_index":-1,"try_number":1,"ti_id":"01a10bb4-84dd-7235-b37b-09a591d1edf8","logger":"task","filename":"task_runner.py","lineno":2379}
