{"timestamp":"2026-10-05T11:09:26.502130Z","level":"info","event":"::group::Pre Execute","logger":"task","filename":"task_runner.py","lineno":2412}
{"timestamp":"2026-10-05T11:09:26.508794Z","level":"info","event":"DAG bundles loaded: dags-folder","map_index":-1,"run_id":"acceptance_petch_2f9b6c8_20261005_retry1","task_id":"simulate_drift","try_number":1,"dag_id":"demand_forecasting_e2e","ti_id":"01a10bb7-e535-702f-8fa1-637e58054b3e","logger":"airflow.dag_processing.bundles.manager.DagBundlesManager","filename":"manager.py","lineno":304}
{"timestamp":"2026-10-05T11:09:26.509391Z","level":"info","event":"Filling up the DagBag from /project/orchestration/airflow/dags/demand_forecasting_e2e.py","map_index":-1,"run_id":"acceptance_petch_2f9b6c8_20261005_retry1","task_id":"simulate_drift","try_number":1,"dag_id":"demand_forecasting_e2e","ti_id":"01a10bb7-e535-702f-8fa1-637e58054b3e","logger":"airflow.dag_processing.dagbag.BundleDagBag","filename":"dagbag.py","lineno":460}
{"timestamp":"2026-10-05T11:09:26.557555Z","level":"info","event":"Worker startup parse complete","bundle_name":"dags-folder","bundle_version":null,"dag_file":"demand_forecasting_e2e.py","dag_id":"demand_forecasting_e2e","bundle_prepare_ms":1,"dag_file_parse_ms":48,"map_index":-1,"run_id":"acceptance_petch_2f9b6c8_20261005_retry1","task_id":"simulate_drift","try_number":1,"ti_id":"01a10bb7-e535-702f-8fa1-637e58054b3e","logger":"task","filename":"task_runner.py","lineno":1073}
{"timestamp":"2026-10-05T11:09:26.581153Z","level":"info","event":"::endgroup::","map_index":-1,"run_id":"acceptance_petch_2f9b6c8_20261005_retry1","task_id":"simulate_drift","try_number":1,"dag_id":"demand_forecasting_e2e","ti_id":"01a10bb7-e535-702f-8fa1-637e58054b3e","logger":"task","filename":"task_runner.py","lineno":2232}
{"timestamp":"2026-10-05T11:09:26.583438Z","level":"info","event":"COMMAND: /opt/project-venv/bin/python /project/artifacts/orchestration/runs/acceptance_petch_2f9b6c8_20261005_retry1/project/orchestration/airflow/run_stage.py simulate_drift --run-id acceptance_petch_2f9b6c8_20261005_retry1 --scenario normal","logger":"task.stdout"}
{"timestamp":"2026-10-05T11:09:26.651254Z","level":"info","event":"COMMAND: /opt/project-venv/bin/python -m src.demand_forecasting.monitoring simulate --output-dir /project/reports/orchestration/acceptance_petch_2f9b6c8_20261005_retry1/drift_demo","logger":"task.stdout"}
{"timestamp":"2026-10-05T11:09:28.436923Z","level":"error","event":"/opt/project-venv/lib/python3.12/site-packages/sklearn/utils/validation.py:2749: UserWarning: X does not have valid feature names, but LGBMRegressor was fitted with feature names","logger":"task.stderr"}
{"timestamp":"2026-10-05T11:09:28.437215Z","level":"error","event":"  warnings.warn(","logger":"task.stderr"}
{"timestamp":"2026-10-05T11:09:28.494853Z","level":"info","event":"{","logger":"task.stdout"}
{"timestamp":"2026-10-05T11:09:28.495105Z","level":"info","event":"  \"reference\": {","logger":"task.stdout"}
{"timestamp":"2026-10-05T11:09:28.495301Z","level":"info","event":"    \"events\": \"/project/reports/orchestration/acceptance_petch_2f9b6c8_20261005_retry1/drift_demo/reference_events.jsonl\",","logger":"task.stdout"}
{"timestamp":"2026-10-05T11:09:28.495451Z","level":"info","event":"    \"labels\": \"/project/reports/orchestration/acceptance_petch_2f9b6c8_20261005_retry1/drift_demo/reference_labels.csv\"","logger":"task.stdout"}
{"timestamp":"2026-10-05T11:09:28.495587Z","level":"info","event":"  },","logger":"task.stdout"}
{"timestamp":"2026-10-05T11:09:28.495715Z","level":"info","event":"  \"live\": {","logger":"task.stdout"}
{"timestamp":"2026-10-05T11:09:28.495840Z","level":"info","event":"    \"events\": \"/project/reports/orchestration/acceptance_petch_2f9b6c8_20261005_retry1/drift_demo/live_events.jsonl\",","logger":"task.stdout"}
{"timestamp":"2026-10-05T11:09:28.495965Z","level":"info","event":"    \"labels\": \"/project/reports/orchestration/acceptance_petch_2f9b6c8_20261005_retry1/drift_demo/live_labels.csv\"","logger":"task.stdout"}
{"timestamp":"2026-10-05T11:09:28.496090Z","level":"info","event":"  }","logger":"task.stdout"}
{"timestamp":"2026-10-05T11:09:28.496225Z","level":"info","event":"}","logger":"task.stdout"}
{"timestamp":"2026-10-05T11:09:28.758463Z","level":"info","event":"{\"stage\": \"simulate_drift\", \"status\": \"success\", \"evidence\": \"/project/reports/orchestration/acceptance_petch_2f9b6c8_20261005_retry1\"}","logger":"task.stdout"}
{"timestamp":"2026-10-05T11:09:28.765513Z","level":"info","event":"Done. Returned value was: None","map_index":-1,"run_id":"acceptance_petch_2f9b6c8_20261005_retry1","task_id":"simulate_drift","try_number":1,"dag_id":"demand_forecasting_e2e","ti_id":"01a10bb7-e535-702f-8fa1-637e58054b3e","logger":"airflow.task.operators.airflow.providers.standard.decorators.python._PythonDecoratedOperator","filename":"python.py","lineno":233}
{"timestamp":"2026-10-05T11:09:28.765704Z","level":"info","event":"::group::Post Execute","map_index":-1,"run_id":"acceptance_petch_2f9b6c8_20261005_retry1","task_id":"simulate_drift","try_number":1,"dag_id":"demand_forecasting_e2e","ti_id":"01a10bb7-e535-702f-8fa1-637e58054b3e","logger":"task","filename":"task_runner.py","lineno":1580}
{"timestamp":"2026-10-05T11:09:28.779805Z","level":"info","event":"::endgroup::","map_index":-1,"run_id":"acceptance_petch_2f9b6c8_20261005_retry1","task_id":"simulate_drift","try_number":1,"dag_id":"demand_forecasting_e2e","ti_id":"01a10bb7-e535-702f-8fa1-637e58054b3e","logger":"task","filename":"task_runner.py","lineno":2379}
