{"timestamp":"2026-10-05T11:09:31.358247Z","level":"info","event":"::group::Pre Execute","logger":"task","filename":"task_runner.py","lineno":2412}
{"timestamp":"2026-10-05T11:09:31.364753Z","level":"info","event":"DAG bundles loaded: dags-folder","task_id":"retrain_candidate","map_index":-1,"ti_id":"01a10bb7-e537-7b0a-9bd5-dfb635f31b42","dag_id":"demand_forecasting_e2e","try_number":1,"run_id":"acceptance_petch_2f9b6c8_20261005_retry1","logger":"airflow.dag_processing.bundles.manager.DagBundlesManager","filename":"manager.py","lineno":304}
{"timestamp":"2026-10-05T11:09:31.365354Z","level":"info","event":"Filling up the DagBag from /project/orchestration/airflow/dags/demand_forecasting_e2e.py","task_id":"retrain_candidate","map_index":-1,"ti_id":"01a10bb7-e537-7b0a-9bd5-dfb635f31b42","dag_id":"demand_forecasting_e2e","try_number":1,"run_id":"acceptance_petch_2f9b6c8_20261005_retry1","logger":"airflow.dag_processing.dagbag.BundleDagBag","filename":"dagbag.py","lineno":460}
{"timestamp":"2026-10-05T11:09:31.405907Z","level":"info","event":"Worker startup parse complete","bundle_name":"dags-folder","bundle_version":null,"dag_file":"demand_forecasting_e2e.py","dag_id":"demand_forecasting_e2e","bundle_prepare_ms":1,"dag_file_parse_ms":40,"task_id":"retrain_candidate","map_index":-1,"ti_id":"01a10bb7-e537-7b0a-9bd5-dfb635f31b42","try_number":1,"run_id":"acceptance_petch_2f9b6c8_20261005_retry1","logger":"task","filename":"task_runner.py","lineno":1073}
{"timestamp":"2026-10-05T11:09:31.429724Z","level":"info","event":"::endgroup::","task_id":"retrain_candidate","map_index":-1,"ti_id":"01a10bb7-e537-7b0a-9bd5-dfb635f31b42","dag_id":"demand_forecasting_e2e","try_number":1,"run_id":"acceptance_petch_2f9b6c8_20261005_retry1","logger":"task","filename":"task_runner.py","lineno":2232}
{"timestamp":"2026-10-05T11:09:31.432145Z","level":"info","event":"COMMAND: /opt/project-venv/bin/python /project/artifacts/orchestration/runs/acceptance_petch_2f9b6c8_20261005_retry1/project/orchestration/airflow/run_stage.py retrain_candidate --run-id acceptance_petch_2f9b6c8_20261005_retry1 --scenario normal","logger":"task.stdout"}
{"timestamp":"2026-10-05T11:09:31.496982Z","level":"info","event":"COMMAND: /opt/project-venv/bin/python -m src.demand_forecasting.monitoring retrain --events /project/reports/orchestration/acceptance_petch_2f9b6c8_20261005_retry1/drift_demo/live_events.jsonl --labels /project/reports/orchestration/acceptance_petch_2f9b6c8_20261005_retry1/drift_demo/live_labels.csv --report /project/reports/orchestration/acceptance_petch_2f9b6c8_20261005_retry1/drift_demo/report.json --current-model /project/reports/orchestration/acceptance_petch_2f9b6c8_20261005_retry1/drift_demo/champion_model.joblib --params /project/reports/orchestration/acceptance_petch_2f9b6c8_20261005_retry1/drift_demo/params.json --output /project/reports/orchestration/acceptance_petch_2f9b6c8_20261005_retry1/drift_demo/retrained --allow-demo","logger":"task.stdout"}
{"timestamp":"2026-10-05T11:09:33.240412Z","level":"error","event":"/opt/project-venv/lib/python3.12/site-packages/sklearn/utils/validation.py:2749: UserWarning: X does not have valid feature names, but LGBMRegressor was fitted with feature names","logger":"task.stderr"}
{"timestamp":"2026-10-05T11:09:33.240786Z","level":"error","event":"  warnings.warn(","logger":"task.stderr"}
{"timestamp":"2026-10-05T11:09:33.267530Z","level":"error","event":"/opt/project-venv/lib/python3.12/site-packages/sklearn/utils/validation.py:2749: UserWarning: X does not have valid feature names, but LGBMRegressor was fitted with feature names","logger":"task.stderr"}
{"timestamp":"2026-10-05T11:09:33.267796Z","level":"error","event":"  warnings.warn(","logger":"task.stderr"}
{"timestamp":"2026-10-05T11:09:33.273271Z","level":"info","event":"{","logger":"task.stdout"}
{"timestamp":"2026-10-05T11:09:33.273507Z","level":"info","event":"  \"source_model\": {","logger":"task.stdout"}
{"timestamp":"2026-10-05T11:09:33.273669Z","level":"info","event":"    \"model_name\": \"simulated-demand-7d\",","logger":"task.stdout"}
{"timestamp":"2026-10-05T11:09:33.273807Z","level":"info","event":"    \"model_version\": \"sim-v1\",","logger":"task.stdout"}
{"timestamp":"2026-10-05T11:09:33.274003Z","level":"info","event":"    \"data_kind\": \"synthetic_demo_only\",","logger":"task.stdout"}
{"timestamp":"2026-10-05T11:09:33.274198Z","level":"info","event":"    \"feature_names\": [","logger":"task.stdout"}
{"timestamp":"2026-10-05T11:09:33.274408Z","level":"info","event":"      \"sales_lag_1\",","logger":"task.stdout"}
{"timestamp":"2026-10-05T11:09:33.274573Z","level":"info","event":"      \"sales_rolling_sum_7\"","logger":"task.stdout"}
{"timestamp":"2026-10-05T11:09:33.274733Z","level":"info","event":"    ]","logger":"task.stdout"}
{"timestamp":"2026-10-05T11:09:33.274871Z","level":"info","event":"  },","logger":"task.stdout"}
{"timestamp":"2026-10-05T11:09:33.275041Z","level":"info","event":"  \"trigger_report_sha256\": \"3610a1d0313d1496e056abfbe3140ce7c91c701cfe8cd7f9da6f45d14a12a0ee\",","logger":"task.stdout"}
{"timestamp":"2026-10-05T11:09:33.275175Z","level":"info","event":"  \"source_events_sha256\": \"63d598f0dfdae495220679c6a7cadbb422e35b580193e2fd86547f09450bf637\",","logger":"task.stdout"}
{"timestamp":"2026-10-05T11:09:33.275298Z","level":"info","event":"  \"source_labels_sha256\": \"545aba8ad2dc0f4829b4cd9d0cfc51837b406013aa0cfd8475004731709caea0\",","logger":"task.stdout"}
{"timestamp":"2026-10-05T11:09:33.275420Z","level":"info","event":"  \"training_rows\": 600,","logger":"task.stdout"}
{"timestamp":"2026-10-05T11:09:33.275543Z","level":"info","event":"  \"holdout_rows\": 240,","logger":"task.stdout"}
{"timestamp":"2026-10-05T11:09:33.275665Z","level":"info","event":"  \"embargo_days\": 7,","logger":"task.stdout"}
{"timestamp":"2026-10-05T11:09:33.275785Z","level":"info","event":"  \"holdout_start\": \"2026-02-06T00:00:00+00:00\",","logger":"task.stdout"}
{"timestamp":"2026-10-05T11:09:33.275941Z","level":"info","event":"  \"champion\": {","logger":"task.stdout"}
{"timestamp":"2026-10-05T11:09:33.276087Z","level":"info","event":"    \"MAE\": 15.127185259389007,","logger":"task.stdout"}
{"timestamp":"2026-10-05T11:09:33.276228Z","level":"info","event":"    \"RMSE\": 15.212038970883372,","logger":"task.stdout"}
{"timestamp":"2026-10-05T11:09:33.276374Z","level":"info","event":"    \"WAPE\": 26.49664902173674","logger":"task.stdout"}
{"timestamp":"2026-10-05T11:09:33.276553Z","level":"info","event":"  },","logger":"task.stdout"}
{"timestamp":"2026-10-05T11:09:33.276798Z","level":"info","event":"  \"candidate\": {","logger":"task.stdout"}
{"timestamp":"2026-10-05T11:09:33.276996Z","level":"info","event":"    \"MAE\": 15.045708447878532,","logger":"task.stdout"}
{"timestamp":"2026-10-05T11:09:33.277147Z","level":"info","event":"    \"RMSE\": 15.136725949493817,","logger":"task.stdout"}
{"timestamp":"2026-10-05T11:09:33.277303Z","level":"info","event":"    \"WAPE\": 26.35393493177322","logger":"task.stdout"}
{"timestamp":"2026-10-05T11:09:33.277542Z","level":"info","event":"  },","logger":"task.stdout"}
{"timestamp":"2026-10-05T11:09:33.277695Z","level":"info","event":"  \"candidate_beats_champion\": true,","logger":"task.stdout"}
{"timestamp":"2026-10-05T11:09:33.277863Z","level":"info","event":"  \"registered_or_promoted\": false,","logger":"task.stdout"}
{"timestamp":"2026-10-05T11:09:33.278098Z","level":"info","event":"  \"model_type\": \"LightGBM\",","logger":"task.stdout"}
{"timestamp":"2026-10-05T11:09:33.278288Z","level":"info","event":"  \"parameters\": {","logger":"task.stdout"}
{"timestamp":"2026-10-05T11:09:33.278414Z","level":"info","event":"    \"objective\": \"regression_l1\",","logger":"task.stdout"}
{"timestamp":"2026-10-05T11:09:33.278537Z","level":"info","event":"    \"n_estimators\": 60,","logger":"task.stdout"}
{"timestamp":"2026-10-05T11:09:33.278658Z","level":"info","event":"    \"learning_rate\": 0.08,","logger":"task.stdout"}
{"timestamp":"2026-10-05T11:09:33.278778Z","level":"info","event":"    \"num_leaves\": 15,","logger":"task.stdout"}
{"timestamp":"2026-10-05T11:09:33.278896Z","level":"info","event":"    \"verbosity\": -1,","logger":"task.stdout"}
{"timestamp":"2026-10-05T11:09:33.279045Z","level":"info","event":"    \"n_jobs\": 1","logger":"task.stdout"}
{"timestamp":"2026-10-05T11:09:33.279165Z","level":"info","event":"  },","logger":"task.stdout"}
{"timestamp":"2026-10-05T11:09:33.279284Z","level":"info","event":"  \"data_kind\": \"synthetic_demo_only\",","logger":"task.stdout"}
{"timestamp":"2026-10-05T11:09:33.279412Z","level":"info","event":"  \"lightgbm_version\": \"4.6.0\"","logger":"task.stdout"}
{"timestamp":"2026-10-05T11:09:33.279570Z","level":"info","event":"}","logger":"task.stdout"}
{"timestamp":"2026-10-05T11:09:33.542994Z","level":"info","event":"{\"stage\": \"retrain_candidate\", \"status\": \"success\", \"evidence\": \"/project/reports/orchestration/acceptance_petch_2f9b6c8_20261005_retry1\"}","logger":"task.stdout"}
{"timestamp":"2026-10-05T11:09:33.552584Z","level":"info","event":"Done. Returned value was: None","task_id":"retrain_candidate","map_index":-1,"ti_id":"01a10bb7-e537-7b0a-9bd5-dfb635f31b42","dag_id":"demand_forecasting_e2e","try_number":1,"run_id":"acceptance_petch_2f9b6c8_20261005_retry1","logger":"airflow.task.operators.airflow.providers.standard.decorators.python._PythonDecoratedOperator","filename":"python.py","lineno":233}
{"timestamp":"2026-10-05T11:09:33.552772Z","level":"info","event":"::group::Post Execute","task_id":"retrain_candidate","map_index":-1,"ti_id":"01a10bb7-e537-7b0a-9bd5-dfb635f31b42","dag_id":"demand_forecasting_e2e","try_number":1,"run_id":"acceptance_petch_2f9b6c8_20261005_retry1","logger":"task","filename":"task_runner.py","lineno":1580}
{"timestamp":"2026-10-05T11:09:33.564844Z","level":"info","event":"::endgroup::","task_id":"retrain_candidate","map_index":-1,"ti_id":"01a10bb7-e537-7b0a-9bd5-dfb635f31b42","dag_id":"demand_forecasting_e2e","try_number":1,"run_id":"acceptance_petch_2f9b6c8_20261005_retry1","logger":"task","filename":"task_runner.py","lineno":2379}
