{"timestamp":"2026-10-05T11:07:35.075308Z","level":"info","event":"::group::Pre Execute","logger":"task","filename":"task_runner.py","lineno":2412}
{"timestamp":"2026-10-05T11:07:35.080091Z","level":"info","event":"DAG bundles loaded: dags-folder","ti_id":"01a10bb7-e52d-700c-bc51-4920e0d1d3c4","map_index":-1,"run_id":"acceptance_petch_2f9b6c8_20261005_retry1","dag_id":"demand_forecasting_e2e","try_number":1,"task_id":"verify_full_folds","logger":"airflow.dag_processing.bundles.manager.DagBundlesManager","filename":"manager.py","lineno":304}
{"timestamp":"2026-10-05T11:07:35.081752Z","level":"info","event":"Filling up the DagBag from /project/orchestration/airflow/dags/demand_forecasting_e2e.py","ti_id":"01a10bb7-e52d-700c-bc51-4920e0d1d3c4","map_index":-1,"run_id":"acceptance_petch_2f9b6c8_20261005_retry1","dag_id":"demand_forecasting_e2e","try_number":1,"task_id":"verify_full_folds","logger":"airflow.dag_processing.dagbag.BundleDagBag","filename":"dagbag.py","lineno":460}
{"timestamp":"2026-10-05T11:07:35.121144Z","level":"info","event":"Worker startup parse complete","bundle_name":"dags-folder","bundle_version":null,"dag_file":"demand_forecasting_e2e.py","dag_id":"demand_forecasting_e2e","bundle_prepare_ms":2,"dag_file_parse_ms":39,"ti_id":"01a10bb7-e52d-700c-bc51-4920e0d1d3c4","map_index":-1,"run_id":"acceptance_petch_2f9b6c8_20261005_retry1","try_number":1,"task_id":"verify_full_folds","logger":"task","filename":"task_runner.py","lineno":1073}
{"timestamp":"2026-10-05T11:07:35.141940Z","level":"info","event":"::endgroup::","ti_id":"01a10bb7-e52d-700c-bc51-4920e0d1d3c4","map_index":-1,"run_id":"acceptance_petch_2f9b6c8_20261005_retry1","dag_id":"demand_forecasting_e2e","try_number":1,"task_id":"verify_full_folds","logger":"task","filename":"task_runner.py","lineno":2232}
{"timestamp":"2026-10-05T11:07:35.144056Z","level":"info","event":"COMMAND: /opt/project-venv/bin/python /project/artifacts/orchestration/runs/acceptance_petch_2f9b6c8_20261005_retry1/project/orchestration/airflow/run_stage.py verify_full_folds --run-id acceptance_petch_2f9b6c8_20261005_retry1 --scenario normal","logger":"task.stdout"}
{"timestamp":"2026-10-05T11:07:35.201457Z","level":"info","event":"COMMAND: /opt/project-venv/bin/python -m src.demand_forecasting.training.verify_full_folds","logger":"task.stdout"}
{"timestamp":"2026-10-05T11:07:49.440150Z","level":"error","event":"/opt/project-venv/lib/python3.12/site-packages/sklearn/utils/validation.py:2749: UserWarning: X does not have valid feature names, but LGBMRegressor was fitted with feature names","logger":"task.stderr"}
{"timestamp":"2026-10-05T11:07:49.440438Z","level":"error","event":"  warnings.warn(","logger":"task.stderr"}
{"timestamp":"2026-10-05T11:07:50.072833Z","level":"info","event":"fold_1: full rows=967,606; MAE=24.2086; sampled=24.3461; baseline=31.2150","logger":"task.stdout"}
{"timestamp":"2026-10-05T11:08:01.488196Z","level":"error","event":"/opt/project-venv/lib/python3.12/site-packages/sklearn/utils/validation.py:2749: UserWarning: X does not have valid feature names, but LGBMRegressor was fitted with feature names","logger":"task.stderr"}
{"timestamp":"2026-10-05T11:08:01.488430Z","level":"error","event":"  warnings.warn(","logger":"task.stderr"}
{"timestamp":"2026-10-05T11:08:02.054105Z","level":"info","event":"fold_2: full rows=1,350,367; MAE=13.8056; sampled=13.5197; baseline=16.2549","logger":"task.stdout"}
{"timestamp":"2026-10-05T11:08:16.901549Z","level":"error","event":"/opt/project-venv/lib/python3.12/site-packages/sklearn/utils/validation.py:2749: UserWarning: X does not have valid feature names, but LGBMRegressor was fitted with feature names","logger":"task.stderr"}
{"timestamp":"2026-10-05T11:08:16.901880Z","level":"error","event":"  warnings.warn(","logger":"task.stderr"}
{"timestamp":"2026-10-05T11:08:17.600568Z","level":"info","event":"fold_3: full rows=1,739,235; MAE=12.3213; sampled=12.3795; baseline=16.7483","logger":"task.stdout"}
{"timestamp":"2026-10-05T11:08:37.064086Z","level":"error","event":"/opt/project-venv/lib/python3.12/site-packages/sklearn/utils/validation.py:2749: UserWarning: X does not have valid feature names, but LGBMRegressor was fitted with feature names","logger":"task.stderr"}
{"timestamp":"2026-10-05T11:08:37.064341Z","level":"error","event":"  warnings.warn(","logger":"task.stderr"}
{"timestamp":"2026-10-05T11:08:37.773173Z","level":"info","event":"fold_4: full rows=2,141,532; MAE=14.6970; sampled=14.6647; baseline=19.2015","logger":"task.stdout"}
{"timestamp":"2026-10-05T11:08:37.782373Z","level":"info","event":"Full-fold mean MAE=16.2581; sampled-fold mean MAE=16.2275; wins=4/4","logger":"task.stdout"}
{"timestamp":"2026-10-05T11:08:38.042219Z","level":"info","event":"{\"stage\": \"verify_full_folds\", \"status\": \"success\", \"evidence\": \"/project/reports/orchestration/acceptance_petch_2f9b6c8_20261005_retry1\"}","logger":"task.stdout"}
{"timestamp":"2026-10-05T11:08:38.049912Z","level":"info","event":"Done. Returned value was: None","ti_id":"01a10bb7-e52d-700c-bc51-4920e0d1d3c4","map_index":-1,"run_id":"acceptance_petch_2f9b6c8_20261005_retry1","dag_id":"demand_forecasting_e2e","try_number":1,"task_id":"verify_full_folds","logger":"airflow.task.operators.airflow.providers.standard.decorators.python._PythonDecoratedOperator","filename":"python.py","lineno":233}
{"timestamp":"2026-10-05T11:08:38.050118Z","level":"info","event":"::group::Post Execute","ti_id":"01a10bb7-e52d-700c-bc51-4920e0d1d3c4","map_index":-1,"run_id":"acceptance_petch_2f9b6c8_20261005_retry1","dag_id":"demand_forecasting_e2e","try_number":1,"task_id":"verify_full_folds","logger":"task","filename":"task_runner.py","lineno":1580}
{"timestamp":"2026-10-05T11:08:38.061950Z","level":"info","event":"::endgroup::","ti_id":"01a10bb7-e52d-700c-bc51-4920e0d1d3c4","map_index":-1,"run_id":"acceptance_petch_2f9b6c8_20261005_retry1","dag_id":"demand_forecasting_e2e","try_number":1,"task_id":"verify_full_folds","logger":"task","filename":"task_runner.py","lineno":2379}
