{"timestamp":"2026-09-30T16:16:37.281782Z","level":"info","event":"::group::Pre Execute","logger":"task","filename":"task_runner.py","lineno":2412}
{"timestamp":"2026-09-30T16:16:37.289278Z","level":"info","event":"DAG bundles loaded: dags-folder","run_id":"acceptance_petch_97f6252_20260930","try_number":1,"ti_id":"01a0f312-36df-7b04-9bd7-e5b963e1a067","task_id":"simulate_drift","map_index":-1,"dag_id":"demand_forecasting_e2e","logger":"airflow.dag_processing.bundles.manager.DagBundlesManager","filename":"manager.py","lineno":304}
{"timestamp":"2026-09-30T16:16:37.289941Z","level":"info","event":"Filling up the DagBag from /project/orchestration/airflow/dags/demand_forecasting_e2e.py","run_id":"acceptance_petch_97f6252_20260930","try_number":1,"ti_id":"01a0f312-36df-7b04-9bd7-e5b963e1a067","task_id":"simulate_drift","map_index":-1,"dag_id":"demand_forecasting_e2e","logger":"airflow.dag_processing.dagbag.BundleDagBag","filename":"dagbag.py","lineno":460}
{"timestamp":"2026-09-30T16:16:37.320221Z","level":"info","event":"Worker startup parse complete","bundle_name":"dags-folder","bundle_version":null,"dag_file":"demand_forecasting_e2e.py","dag_id":"demand_forecasting_e2e","bundle_prepare_ms":1,"dag_file_parse_ms":30,"run_id":"acceptance_petch_97f6252_20260930","try_number":1,"ti_id":"01a0f312-36df-7b04-9bd7-e5b963e1a067","task_id":"simulate_drift","map_index":-1,"logger":"task","filename":"task_runner.py","lineno":1073}
{"timestamp":"2026-09-30T16:16:37.336832Z","level":"info","event":"::endgroup::","run_id":"acceptance_petch_97f6252_20260930","try_number":1,"ti_id":"01a0f312-36df-7b04-9bd7-e5b963e1a067","task_id":"simulate_drift","map_index":-1,"dag_id":"demand_forecasting_e2e","logger":"task","filename":"task_runner.py","lineno":2232}
{"timestamp":"2026-09-30T16:16:37.338679Z","level":"info","event":"COMMAND: /opt/project-venv/bin/python /project/artifacts/orchestration/runs/acceptance_petch_97f6252_20260930/project/orchestration/airflow/run_stage.py simulate_drift --run-id acceptance_petch_97f6252_20260930 --scenario normal","logger":"task.stdout"}
{"timestamp":"2026-09-30T16:16:37.389118Z","level":"info","event":"COMMAND: /opt/project-venv/bin/python -m src.demand_forecasting.monitoring simulate --output-dir /project/reports/orchestration/acceptance_petch_97f6252_20260930/drift_demo","logger":"task.stdout"}
{"timestamp":"2026-09-30T16:16:38.827282Z","level":"error","event":"/opt/project-venv/lib/python3.12/site-packages/sklearn/utils/validation.py:2749: UserWarning: X does not have valid feature names, but LGBMRegressor was fitted with feature names","logger":"task.stderr"}
{"timestamp":"2026-09-30T16:16:38.827542Z","level":"error","event":"  warnings.warn(","logger":"task.stderr"}
{"timestamp":"2026-09-30T16:16:38.872902Z","level":"info","event":"{","logger":"task.stdout"}
{"timestamp":"2026-09-30T16:16:38.873127Z","level":"info","event":"  \"reference\": {","logger":"task.stdout"}
{"timestamp":"2026-09-30T16:16:38.873261Z","level":"info","event":"    \"events\": \"/project/reports/orchestration/acceptance_petch_97f6252_20260930/drift_demo/reference_events.jsonl\",","logger":"task.stdout"}
{"timestamp":"2026-09-30T16:16:38.873386Z","level":"info","event":"    \"labels\": \"/project/reports/orchestration/acceptance_petch_97f6252_20260930/drift_demo/reference_labels.csv\"","logger":"task.stdout"}
{"timestamp":"2026-09-30T16:16:38.873508Z","level":"info","event":"  },","logger":"task.stdout"}
{"timestamp":"2026-09-30T16:16:38.873629Z","level":"info","event":"  \"live\": {","logger":"task.stdout"}
{"timestamp":"2026-09-30T16:16:38.873753Z","level":"info","event":"    \"events\": \"/project/reports/orchestration/acceptance_petch_97f6252_20260930/drift_demo/live_events.jsonl\",","logger":"task.stdout"}
{"timestamp":"2026-09-30T16:16:38.873874Z","level":"info","event":"    \"labels\": \"/project/reports/orchestration/acceptance_petch_97f6252_20260930/drift_demo/live_labels.csv\"","logger":"task.stdout"}
{"timestamp":"2026-09-30T16:16:38.873994Z","level":"info","event":"  }","logger":"task.stdout"}
{"timestamp":"2026-09-30T16:16:38.874114Z","level":"info","event":"}","logger":"task.stdout"}
{"timestamp":"2026-09-30T16:16:39.032375Z","level":"info","event":"{\"stage\": \"simulate_drift\", \"status\": \"success\", \"evidence\": \"/project/reports/orchestration/acceptance_petch_97f6252_20260930\"}","logger":"task.stdout"}
{"timestamp":"2026-09-30T16:16:39.038214Z","level":"info","event":"Done. Returned value was: None","run_id":"acceptance_petch_97f6252_20260930","try_number":1,"ti_id":"01a0f312-36df-7b04-9bd7-e5b963e1a067","task_id":"simulate_drift","map_index":-1,"dag_id":"demand_forecasting_e2e","logger":"airflow.task.operators.airflow.providers.standard.decorators.python._PythonDecoratedOperator","filename":"python.py","lineno":233}
{"timestamp":"2026-09-30T16:16:39.038393Z","level":"info","event":"::group::Post Execute","run_id":"acceptance_petch_97f6252_20260930","try_number":1,"ti_id":"01a0f312-36df-7b04-9bd7-e5b963e1a067","task_id":"simulate_drift","map_index":-1,"dag_id":"demand_forecasting_e2e","logger":"task","filename":"task_runner.py","lineno":1580}
{"timestamp":"2026-09-30T16:16:39.049181Z","level":"info","event":"::endgroup::","run_id":"acceptance_petch_97f6252_20260930","try_number":1,"ti_id":"01a0f312-36df-7b04-9bd7-e5b963e1a067","task_id":"simulate_drift","map_index":-1,"dag_id":"demand_forecasting_e2e","logger":"task","filename":"task_runner.py","lineno":2379}
