{"timestamp":"2026-09-30T16:07:39.538440Z","level":"info","event":"::group::Pre Execute","logger":"task","filename":"task_runner.py","lineno":2412}
{"timestamp":"2026-09-30T16:07:39.551032Z","level":"info","event":"DAG bundles loaded: dags-folder","dag_id":"demand_forecasting_e2e","try_number":1,"map_index":-1,"ti_id":"01a0f312-36d4-7685-a8a7-9942cabf9952","run_id":"acceptance_petch_97f6252_20260930","task_id":"prepare_data","logger":"airflow.dag_processing.bundles.manager.DagBundlesManager","filename":"manager.py","lineno":304}
{"timestamp":"2026-09-30T16:07:39.551870Z","level":"info","event":"Filling up the DagBag from /project/orchestration/airflow/dags/demand_forecasting_e2e.py","dag_id":"demand_forecasting_e2e","try_number":1,"map_index":-1,"ti_id":"01a0f312-36d4-7685-a8a7-9942cabf9952","run_id":"acceptance_petch_97f6252_20260930","task_id":"prepare_data","logger":"airflow.dag_processing.dagbag.BundleDagBag","filename":"dagbag.py","lineno":460}
{"timestamp":"2026-09-30T16:07:39.593239Z","level":"info","event":"Worker startup parse complete","bundle_name":"dags-folder","bundle_version":null,"dag_file":"demand_forecasting_e2e.py","dag_id":"demand_forecasting_e2e","bundle_prepare_ms":1,"dag_file_parse_ms":41,"try_number":1,"map_index":-1,"ti_id":"01a0f312-36d4-7685-a8a7-9942cabf9952","run_id":"acceptance_petch_97f6252_20260930","task_id":"prepare_data","logger":"task","filename":"task_runner.py","lineno":1073}
{"timestamp":"2026-09-30T16:07:39.615582Z","level":"info","event":"::endgroup::","dag_id":"demand_forecasting_e2e","try_number":1,"map_index":-1,"ti_id":"01a0f312-36d4-7685-a8a7-9942cabf9952","run_id":"acceptance_petch_97f6252_20260930","task_id":"prepare_data","logger":"task","filename":"task_runner.py","lineno":2232}
{"timestamp":"2026-09-30T16:07:39.617227Z","level":"info","event":"COMMAND: /opt/project-venv/bin/python /project/artifacts/orchestration/runs/acceptance_petch_97f6252_20260930/project/orchestration/airflow/run_stage.py prepare_data --run-id acceptance_petch_97f6252_20260930 --scenario normal","logger":"task.stdout"}
{"timestamp":"2026-09-30T16:07:39.672330Z","level":"info","event":"COMMAND: /opt/project-venv/bin/python scripts/download_data.py","logger":"task.stdout"}
{"timestamp":"2026-09-30T16:10:36.640300Z","level":"info","event":"พร้อมใช้: /project/artifacts/orchestration/runs/acceptance_petch_97f6252_20260930/project/data/raw/online_retail_II.xlsx","logger":"task.stdout"}
{"timestamp":"2026-09-30T16:10:36.651233Z","level":"info","event":"COMMAND: /opt/project-venv/bin/python scripts/prepare_data.py","logger":"task.stdout"}
{"timestamp":"2026-09-30T16:12:25.460077Z","level":"info","event":"เตรียมข้อมูลสำเร็จ","logger":"task.stdout"}
{"timestamp":"2026-09-30T16:12:25.460442Z","level":"info","event":"source_rows: 1067371","logger":"task.stdout"}
{"timestamp":"2026-09-30T16:12:25.460581Z","level":"info","event":"usable_rows: 1067371","logger":"task.stdout"}
{"timestamp":"2026-09-30T16:12:25.460749Z","level":"info","event":"cancelled_rows: 19494","logger":"task.stdout"}
{"timestamp":"2026-09-30T16:12:25.461000Z","level":"info","event":"positive_sales_rows: 1040995","logger":"task.stdout"}
{"timestamp":"2026-09-30T16:12:25.461125Z","level":"info","event":"excluded_non_product_rows: 3425","logger":"task.stdout"}
{"timestamp":"2026-09-30T16:12:25.461245Z","level":"info","event":"excluded_stock_codes: ['ADJUST', 'AMAZONFEE', 'B', 'BANK CHARGES', 'D', 'DOT', 'POST', 'S']","logger":"task.stdout"}
{"timestamp":"2026-09-30T16:12:25.461366Z","level":"info","event":"kept_exact_duplicate_rows: True","logger":"task.stdout"}
{"timestamp":"2026-09-30T16:12:25.461485Z","level":"info","event":"sku_count: 4975","logger":"task.stdout"}
{"timestamp":"2026-09-30T16:12:25.461605Z","level":"info","event":"first_sale_date: 2009-12-01","logger":"task.stdout"}
{"timestamp":"2026-09-30T16:12:25.461801Z","level":"info","event":"last_observed_date: 2011-12-09","logger":"task.stdout"}
{"timestamp":"2026-09-30T16:12:25.461938Z","level":"info","event":"last_forecast_origin_date: 2011-12-02","logger":"task.stdout"}
{"timestamp":"2026-09-30T16:12:25.462084Z","level":"info","event":"prepared_rows: 3044168","logger":"task.stdout"}
{"timestamp":"2026-09-30T16:12:25.462209Z","level":"info","event":"full_daily_rows: 3078994","logger":"task.stdout"}
{"timestamp":"2026-09-30T16:12:25.462331Z","level":"info","event":"output: /project/artifacts/orchestration/runs/acceptance_petch_97f6252_20260930/project/data/processed/sku_daily_demand_7d.csv.gz","logger":"task.stdout"}
{"timestamp":"2026-09-30T16:12:25.462452Z","level":"info","event":"full daily output: /project/artifacts/orchestration/runs/acceptance_petch_97f6252_20260930/project/data/interim/sku_daily_sales.csv.gz","logger":"task.stdout"}
{"timestamp":"2026-09-30T16:12:25.551399Z","level":"info","event":"COMMAND: /opt/project-venv/bin/python scripts/validate_data.py","logger":"task.stdout"}
{"timestamp":"2026-09-30T16:12:30.633192Z","level":"info","event":"Data Validation ผ่าน","logger":"task.stdout"}
{"timestamp":"2026-09-30T16:12:30.633487Z","level":"info","event":"{","logger":"task.stdout"}
{"timestamp":"2026-09-30T16:12:30.633635Z","level":"info","event":"  \"status\": \"passed\",","logger":"task.stdout"}
{"timestamp":"2026-09-30T16:12:30.633763Z","level":"info","event":"  \"horizon_days\": 7,","logger":"task.stdout"}
{"timestamp":"2026-09-30T16:12:30.633890Z","level":"info","event":"  \"full_daily_rows\": 3078994,","logger":"task.stdout"}
{"timestamp":"2026-09-30T16:12:30.634013Z","level":"info","event":"  \"labeled_rows\": 3044168,","logger":"task.stdout"}
{"timestamp":"2026-09-30T16:12:30.634135Z","level":"info","event":"  \"full_daily_skus\": 4976,","logger":"task.stdout"}
{"timestamp":"2026-09-30T16:12:30.634295Z","level":"info","event":"  \"labeled_skus\": 4975,","logger":"task.stdout"}
{"timestamp":"2026-09-30T16:12:30.634419Z","level":"info","event":"  \"first_date\": \"2009-12-01\",","logger":"task.stdout"}
{"timestamp":"2026-09-30T16:12:30.634540Z","level":"info","event":"  \"last_observed_date\": \"2011-12-09\",","logger":"task.stdout"}
{"timestamp":"2026-09-30T16:12:30.634661Z","level":"info","event":"  \"last_origin_date\": \"2011-12-02\",","logger":"task.stdout"}
{"timestamp":"2026-09-30T16:12:30.634780Z","level":"info","event":"  \"duplicate_keys\": 0,","logger":"task.stdout"}
{"timestamp":"2026-09-30T16:12:30.634922Z","level":"info","event":"  \"missing_required_values\": 0,","logger":"task.stdout"}
{"timestamp":"2026-09-30T16:12:30.635044Z","level":"info","event":"  \"negative_or_fractional_units\": 0,","logger":"task.stdout"}
{"timestamp":"2026-09-30T16:12:30.635165Z","level":"info","event":"  \"incorrect_targets\": 0,","logger":"task.stdout"}
{"timestamp":"2026-09-30T16:12:30.635284Z","level":"info","event":"  \"daily_sha256\": \"0370a9c5b6963f82a343d626951290b618cf2510b4d6a6abeffaff9c0be637ce\",","logger":"task.stdout"}
{"timestamp":"2026-09-30T16:12:30.635406Z","level":"info","event":"  \"labels_sha256\": \"ad15d6de27eb23ac24f53cb14005253d8e2ad1db3116bf99d6de832eb71caa9e\",","logger":"task.stdout"}
{"timestamp":"2026-09-30T16:12:30.635526Z","level":"info","event":"  \"configuration_sha256\": \"3afac86e6986251e6d499fde26fab38e0394207e1bd4313f35727e8b9e7cb0b6\"","logger":"task.stdout"}
{"timestamp":"2026-09-30T16:12:30.635646Z","level":"info","event":"}","logger":"task.stdout"}
{"timestamp":"2026-09-30T16:12:30.686966Z","level":"info","event":"COMMAND: /opt/project-venv/bin/python scripts/build_features.py","logger":"task.stdout"}
{"timestamp":"2026-09-30T16:13:23.066248Z","level":"info","event":"สร้าง features และ time split สำเร็จ","logger":"task.stdout"}
{"timestamp":"2026-09-30T16:13:23.066513Z","level":"info","event":"{","logger":"task.stdout"}
{"timestamp":"2026-09-30T16:13:23.066653Z","level":"info","event":"  \"source_labeled_rows\": 3044168,","logger":"task.stdout"}
{"timestamp":"2026-09-30T16:13:23.066779Z","level":"info","event":"  \"omitted_warmup_rows\": 138801,","logger":"task.stdout"}
{"timestamp":"2026-09-30T16:13:23.066901Z","level":"info","event":"  \"omitted_split_boundary_rows\": 64589,","logger":"task.stdout"}
{"timestamp":"2026-09-30T16:13:23.067035Z","level":"info","event":"  \"forecast_horizon_days\": 7,","logger":"task.stdout"}
{"timestamp":"2026-09-30T16:13:23.067158Z","level":"info","event":"  \"configuration_sha256\": \"3afac86e6986251e6d499fde26fab38e0394207e1bd4313f35727e8b9e7cb0b6\",","logger":"task.stdout"}
{"timestamp":"2026-09-30T16:13:23.067281Z","level":"info","event":"  \"source_labels_sha256\": \"ad15d6de27eb23ac24f53cb14005253d8e2ad1db3116bf99d6de832eb71caa9e\",","logger":"task.stdout"}
{"timestamp":"2026-09-30T16:13:23.067400Z","level":"info","event":"  \"feature_columns\": [","logger":"task.stdout"}
{"timestamp":"2026-09-30T16:13:23.067526Z","level":"info","event":"    \"daily_sold_units\",","logger":"task.stdout"}
{"timestamp":"2026-09-30T16:13:23.067658Z","level":"info","event":"    \"days_since_first_sale\",","logger":"task.stdout"}
{"timestamp":"2026-09-30T16:13:23.067781Z","level":"info","event":"    \"sales_lag_1\",","logger":"task.stdout"}
{"timestamp":"2026-09-30T16:13:23.067940Z","level":"info","event":"    \"sales_lag_7\",","logger":"task.stdout"}
{"timestamp":"2026-09-30T16:13:23.068067Z","level":"info","event":"    \"sales_lag_14\",","logger":"task.stdout"}
{"timestamp":"2026-09-30T16:13:23.068188Z","level":"info","event":"    \"sales_lag_28\",","logger":"task.stdout"}
{"timestamp":"2026-09-30T16:13:23.068307Z","level":"info","event":"    \"sales_rolling_sum_7\",","logger":"task.stdout"}
{"timestamp":"2026-09-30T16:13:23.068426Z","level":"info","event":"    \"sales_rolling_sum_14\",","logger":"task.stdout"}
{"timestamp":"2026-09-30T16:13:23.068557Z","level":"info","event":"    \"sales_rolling_sum_28\",","logger":"task.stdout"}
{"timestamp":"2026-09-30T16:13:23.068692Z","level":"info","event":"    \"day_of_week\",","logger":"task.stdout"}
{"timestamp":"2026-09-30T16:13:23.068825Z","level":"info","event":"    \"month\",","logger":"task.stdout"}
{"timestamp":"2026-09-30T16:13:23.068947Z","level":"info","event":"    \"is_weekend\"","logger":"task.stdout"}
{"timestamp":"2026-09-30T16:13:23.069066Z","level":"info","event":"  ],","logger":"task.stdout"}
{"timestamp":"2026-09-30T16:13:23.069185Z","level":"info","event":"  \"splits\": {","logger":"task.stdout"}
{"timestamp":"2026-09-30T16:13:23.069304Z","level":"info","event":"    \"train\": {","logger":"task.stdout"}
{"timestamp":"2026-09-30T16:13:23.069427Z","level":"info","event":"      \"rows\": 2141532,","logger":"task.stdout"}
{"timestamp":"2026-09-30T16:13:23.069557Z","level":"info","event":"      \"skus\": 4522,","logger":"task.stdout"}
{"timestamp":"2026-09-30T16:13:23.069692Z","level":"info","event":"      \"first_origin_date\": \"2009-12-29\",","logger":"task.stdout"}
{"timestamp":"2026-09-30T16:13:23.069822Z","level":"info","event":"      \"last_origin_date\": \"2011-06-23\",","logger":"task.stdout"}
{"timestamp":"2026-09-30T16:13:23.069971Z","level":"info","event":"      \"path\": \"data/processed/train_features_7d.csv.gz\"","logger":"task.stdout"}
{"timestamp":"2026-09-30T16:13:23.070092Z","level":"info","event":"    },","logger":"task.stdout"}
{"timestamp":"2026-09-30T16:13:23.070209Z","level":"info","event":"    \"validation\": {","logger":"task.stdout"}
{"timestamp":"2026-09-30T16:13:23.070327Z","level":"info","event":"      \"rows\": 394699,","logger":"task.stdout"}
{"timestamp":"2026-09-30T16:13:23.070445Z","level":"info","event":"      \"skus\": 4700,","logger":"task.stdout"}
{"timestamp":"2026-09-30T16:13:23.070578Z","level":"info","event":"      \"first_origin_date\": \"2011-07-01\",","logger":"task.stdout"}
{"timestamp":"2026-09-30T16:13:23.070710Z","level":"info","event":"      \"last_origin_date\": \"2011-09-23\",","logger":"task.stdout"}
{"timestamp":"2026-09-30T16:13:23.070835Z","level":"info","event":"      \"path\": \"data/processed/validation_features_7d.csv.gz\"","logger":"task.stdout"}
{"timestamp":"2026-09-30T16:13:23.070955Z","level":"info","event":"    },","logger":"task.stdout"}
{"timestamp":"2026-09-30T16:13:23.071074Z","level":"info","event":"    \"test\": {","logger":"task.stdout"}
{"timestamp":"2026-09-30T16:13:23.071205Z","level":"info","event":"      \"rows\": 304547,","logger":"task.stdout"}
{"timestamp":"2026-09-30T16:13:23.071322Z","level":"info","event":"      \"skus\": 4939,","logger":"task.stdout"}
{"timestamp":"2026-09-30T16:13:23.071441Z","level":"info","event":"      \"first_origin_date\": \"2011-10-01\",","logger":"task.stdout"}
{"timestamp":"2026-09-30T16:13:23.071562Z","level":"info","event":"      \"last_origin_date\": \"2011-12-02\",","logger":"task.stdout"}
{"timestamp":"2026-09-30T16:13:23.071688Z","level":"info","event":"      \"path\": \"data/processed/test_features_7d.csv.gz\"","logger":"task.stdout"}
{"timestamp":"2026-09-30T16:13:23.071807Z","level":"info","event":"    }","logger":"task.stdout"}
{"timestamp":"2026-09-30T16:13:23.071939Z","level":"info","event":"  }","logger":"task.stdout"}
{"timestamp":"2026-09-30T16:13:23.072058Z","level":"info","event":"}","logger":"task.stdout"}
{"timestamp":"2026-09-30T16:13:23.118882Z","level":"info","event":"{\"stage\": \"prepare_data\", \"status\": \"success\", \"evidence\": \"/project/reports/orchestration/acceptance_petch_97f6252_20260930\"}","logger":"task.stdout"}
{"timestamp":"2026-09-30T16:13:23.125894Z","level":"info","event":"Done. Returned value was: None","dag_id":"demand_forecasting_e2e","try_number":1,"map_index":-1,"ti_id":"01a0f312-36d4-7685-a8a7-9942cabf9952","run_id":"acceptance_petch_97f6252_20260930","task_id":"prepare_data","logger":"airflow.task.operators.airflow.providers.standard.decorators.python._PythonDecoratedOperator","filename":"python.py","lineno":233}
{"timestamp":"2026-09-30T16:13:23.126400Z","level":"info","event":"::group::Post Execute","dag_id":"demand_forecasting_e2e","try_number":1,"map_index":-1,"ti_id":"01a0f312-36d4-7685-a8a7-9942cabf9952","run_id":"acceptance_petch_97f6252_20260930","task_id":"prepare_data","logger":"task","filename":"task_runner.py","lineno":1580}
{"timestamp":"2026-09-30T16:13:23.138150Z","level":"info","event":"::endgroup::","dag_id":"demand_forecasting_e2e","try_number":1,"map_index":-1,"ti_id":"01a0f312-36d4-7685-a8a7-9942cabf9952","run_id":"acceptance_petch_97f6252_20260930","task_id":"prepare_data","logger":"task","filename":"task_runner.py","lineno":2379}
