{"timestamp":"2026-09-30T16:15:01.753991Z","level":"info","event":"::group::Pre Execute","logger":"task","filename":"task_runner.py","lineno":2412}
{"timestamp":"2026-09-30T16:15:01.759132Z","level":"info","event":"DAG bundles loaded: dags-folder","ti_id":"01a0f312-36d7-7c0c-af50-e0cd6c62052c","task_id":"verify_full_folds","map_index":-1,"run_id":"acceptance_petch_97f6252_20260930","try_number":1,"dag_id":"demand_forecasting_e2e","logger":"airflow.dag_processing.bundles.manager.DagBundlesManager","filename":"manager.py","lineno":304}
{"timestamp":"2026-09-30T16:15:01.759772Z","level":"info","event":"Filling up the DagBag from /project/orchestration/airflow/dags/demand_forecasting_e2e.py","ti_id":"01a0f312-36d7-7c0c-af50-e0cd6c62052c","task_id":"verify_full_folds","map_index":-1,"run_id":"acceptance_petch_97f6252_20260930","try_number":1,"dag_id":"demand_forecasting_e2e","logger":"airflow.dag_processing.dagbag.BundleDagBag","filename":"dagbag.py","lineno":460}
{"timestamp":"2026-09-30T16:15:01.793396Z","level":"info","event":"Worker startup parse complete","bundle_name":"dags-folder","bundle_version":null,"dag_file":"demand_forecasting_e2e.py","dag_id":"demand_forecasting_e2e","bundle_prepare_ms":1,"dag_file_parse_ms":33,"ti_id":"01a0f312-36d7-7c0c-af50-e0cd6c62052c","task_id":"verify_full_folds","map_index":-1,"run_id":"acceptance_petch_97f6252_20260930","try_number":1,"logger":"task","filename":"task_runner.py","lineno":1073}
{"timestamp":"2026-09-30T16:15:01.811130Z","level":"info","event":"::endgroup::","ti_id":"01a0f312-36d7-7c0c-af50-e0cd6c62052c","task_id":"verify_full_folds","map_index":-1,"run_id":"acceptance_petch_97f6252_20260930","try_number":1,"dag_id":"demand_forecasting_e2e","logger":"task","filename":"task_runner.py","lineno":2232}
{"timestamp":"2026-09-30T16:15:01.812600Z","level":"info","event":"COMMAND: /opt/project-venv/bin/python /project/artifacts/orchestration/runs/acceptance_petch_97f6252_20260930/project/orchestration/airflow/run_stage.py verify_full_folds --run-id acceptance_petch_97f6252_20260930 --scenario normal","logger":"task.stdout"}
{"timestamp":"2026-09-30T16:15:01.856421Z","level":"info","event":"COMMAND: /opt/project-venv/bin/python -m src.demand_forecasting.training.verify_full_folds","logger":"task.stdout"}
{"timestamp":"2026-09-30T16:15:14.663735Z","level":"error","event":"/opt/project-venv/lib/python3.12/site-packages/sklearn/utils/validation.py:2749: UserWarning: X does not have valid feature names, but LGBMRegressor was fitted with feature names","logger":"task.stderr"}
{"timestamp":"2026-09-30T16:15:14.664031Z","level":"error","event":"  warnings.warn(","logger":"task.stderr"}
{"timestamp":"2026-09-30T16:15:15.175924Z","level":"info","event":"fold_1: full rows=967,606; MAE=24.2086; sampled=24.3461; baseline=31.2150","logger":"task.stdout"}
{"timestamp":"2026-09-30T16:15:25.703566Z","level":"error","event":"/opt/project-venv/lib/python3.12/site-packages/sklearn/utils/validation.py:2749: UserWarning: X does not have valid feature names, but LGBMRegressor was fitted with feature names","logger":"task.stderr"}
{"timestamp":"2026-09-30T16:15:25.703820Z","level":"error","event":"  warnings.warn(","logger":"task.stderr"}
{"timestamp":"2026-09-30T16:15:26.182131Z","level":"info","event":"fold_2: full rows=1,350,367; MAE=13.8056; sampled=13.5197; baseline=16.2549","logger":"task.stdout"}
{"timestamp":"2026-09-30T16:15:39.618708Z","level":"error","event":"/opt/project-venv/lib/python3.12/site-packages/sklearn/utils/validation.py:2749: UserWarning: X does not have valid feature names, but LGBMRegressor was fitted with feature names","logger":"task.stderr"}
{"timestamp":"2026-09-30T16:15:39.618960Z","level":"error","event":"  warnings.warn(","logger":"task.stderr"}
{"timestamp":"2026-09-30T16:15:40.390587Z","level":"info","event":"fold_3: full rows=1,739,235; MAE=12.3213; sampled=12.3795; baseline=16.7483","logger":"task.stdout"}
{"timestamp":"2026-09-30T16:15:58.342178Z","level":"error","event":"/opt/project-venv/lib/python3.12/site-packages/sklearn/utils/validation.py:2749: UserWarning: X does not have valid feature names, but LGBMRegressor was fitted with feature names","logger":"task.stderr"}
{"timestamp":"2026-09-30T16:15:58.342392Z","level":"error","event":"  warnings.warn(","logger":"task.stderr"}
{"timestamp":"2026-09-30T16:15:58.961200Z","level":"info","event":"fold_4: full rows=2,141,532; MAE=14.6970; sampled=14.6647; baseline=19.2015","logger":"task.stdout"}
{"timestamp":"2026-09-30T16:15:58.962043Z","level":"info","event":"Full-fold mean MAE=16.2581; sampled-fold mean MAE=16.2275; wins=4/4","logger":"task.stdout"}
{"timestamp":"2026-09-30T16:15:59.114536Z","level":"info","event":"{\"stage\": \"verify_full_folds\", \"status\": \"success\", \"evidence\": \"/project/reports/orchestration/acceptance_petch_97f6252_20260930\"}","logger":"task.stdout"}
{"timestamp":"2026-09-30T16:15:59.120846Z","level":"info","event":"Done. Returned value was: None","ti_id":"01a0f312-36d7-7c0c-af50-e0cd6c62052c","task_id":"verify_full_folds","map_index":-1,"run_id":"acceptance_petch_97f6252_20260930","try_number":1,"dag_id":"demand_forecasting_e2e","logger":"airflow.task.operators.airflow.providers.standard.decorators.python._PythonDecoratedOperator","filename":"python.py","lineno":233}
{"timestamp":"2026-09-30T16:15:59.121023Z","level":"info","event":"::group::Post Execute","ti_id":"01a0f312-36d7-7c0c-af50-e0cd6c62052c","task_id":"verify_full_folds","map_index":-1,"run_id":"acceptance_petch_97f6252_20260930","try_number":1,"dag_id":"demand_forecasting_e2e","logger":"task","filename":"task_runner.py","lineno":1580}
{"timestamp":"2026-09-30T16:15:59.132015Z","level":"info","event":"::endgroup::","ti_id":"01a0f312-36d7-7c0c-af50-e0cd6c62052c","task_id":"verify_full_folds","map_index":-1,"run_id":"acceptance_petch_97f6252_20260930","try_number":1,"dag_id":"demand_forecasting_e2e","logger":"task","filename":"task_runner.py","lineno":2379}
