{"timestamp":"2026-10-05T10:59:26.489264Z","level":"info","event":"::group::Pre Execute","logger":"task","filename":"task_runner.py","lineno":2412}
{"timestamp":"2026-10-05T10:59:26.498427Z","level":"info","event":"DAG bundles loaded: dags-folder","task_id":"prepare_data","run_id":"acceptance_petch_2f9b6c8_20261005_retry1","ti_id":"01a10bb7-e52a-7034-84dc-d4f27ebc0594","map_index":-1,"dag_id":"demand_forecasting_e2e","try_number":1,"logger":"airflow.dag_processing.bundles.manager.DagBundlesManager","filename":"manager.py","lineno":304}
{"timestamp":"2026-10-05T10:59:26.499152Z","level":"info","event":"Filling up the DagBag from /project/orchestration/airflow/dags/demand_forecasting_e2e.py","task_id":"prepare_data","run_id":"acceptance_petch_2f9b6c8_20261005_retry1","ti_id":"01a10bb7-e52a-7034-84dc-d4f27ebc0594","map_index":-1,"dag_id":"demand_forecasting_e2e","try_number":1,"logger":"airflow.dag_processing.dagbag.BundleDagBag","filename":"dagbag.py","lineno":460}
{"timestamp":"2026-10-05T10:59:26.541261Z","level":"info","event":"Worker startup parse complete","bundle_name":"dags-folder","bundle_version":null,"dag_file":"demand_forecasting_e2e.py","dag_id":"demand_forecasting_e2e","bundle_prepare_ms":1,"dag_file_parse_ms":42,"task_id":"prepare_data","run_id":"acceptance_petch_2f9b6c8_20261005_retry1","ti_id":"01a10bb7-e52a-7034-84dc-d4f27ebc0594","map_index":-1,"try_number":1,"logger":"task","filename":"task_runner.py","lineno":1073}
{"timestamp":"2026-10-05T10:59:26.562556Z","level":"info","event":"::endgroup::","task_id":"prepare_data","run_id":"acceptance_petch_2f9b6c8_20261005_retry1","ti_id":"01a10bb7-e52a-7034-84dc-d4f27ebc0594","map_index":-1,"dag_id":"demand_forecasting_e2e","try_number":1,"logger":"task","filename":"task_runner.py","lineno":2232}
{"timestamp":"2026-10-05T10:59:26.564732Z","level":"info","event":"COMMAND: /opt/project-venv/bin/python /project/artifacts/orchestration/runs/acceptance_petch_2f9b6c8_20261005_retry1/project/orchestration/airflow/run_stage.py prepare_data --run-id acceptance_petch_2f9b6c8_20261005_retry1 --scenario normal","logger":"task.stdout"}
{"timestamp":"2026-10-05T10:59:26.622302Z","level":"info","event":"COMMAND: /opt/project-venv/bin/python scripts/download_data.py","logger":"task.stdout"}
{"timestamp":"2026-10-05T11:02:21.359275Z","level":"info","event":"พร้อมใช้: /project/artifacts/orchestration/runs/acceptance_petch_2f9b6c8_20261005_retry1/project/data/raw/online_retail_II.xlsx","logger":"task.stdout"}
{"timestamp":"2026-10-05T11:02:21.370913Z","level":"info","event":"COMMAND: /opt/project-venv/bin/python scripts/prepare_data.py","logger":"task.stdout"}
{"timestamp":"2026-10-05T11:04:36.622601Z","level":"info","event":"เตรียมข้อมูลสำเร็จ","logger":"task.stdout"}
{"timestamp":"2026-10-05T11:04:36.622860Z","level":"info","event":"source_rows: 1067371","logger":"task.stdout"}
{"timestamp":"2026-10-05T11:04:36.623026Z","level":"info","event":"usable_rows: 1067371","logger":"task.stdout"}
{"timestamp":"2026-10-05T11:04:36.623177Z","level":"info","event":"cancelled_rows: 19494","logger":"task.stdout"}
{"timestamp":"2026-10-05T11:04:36.623334Z","level":"info","event":"positive_sales_rows: 1040995","logger":"task.stdout"}
{"timestamp":"2026-10-05T11:04:36.623487Z","level":"info","event":"excluded_non_product_rows: 3425","logger":"task.stdout"}
{"timestamp":"2026-10-05T11:04:36.623632Z","level":"info","event":"excluded_stock_codes: ['ADJUST', 'AMAZONFEE', 'B', 'BANK CHARGES', 'D', 'DOT', 'POST', 'S']","logger":"task.stdout"}
{"timestamp":"2026-10-05T11:04:36.623740Z","level":"info","event":"kept_exact_duplicate_rows: True","logger":"task.stdout"}
{"timestamp":"2026-10-05T11:04:36.623843Z","level":"info","event":"sku_count: 4975","logger":"task.stdout"}
{"timestamp":"2026-10-05T11:04:36.623946Z","level":"info","event":"first_sale_date: 2009-12-01","logger":"task.stdout"}
{"timestamp":"2026-10-05T11:04:36.624094Z","level":"info","event":"last_observed_date: 2011-12-09","logger":"task.stdout"}
{"timestamp":"2026-10-05T11:04:36.624234Z","level":"info","event":"last_forecast_origin_date: 2011-12-02","logger":"task.stdout"}
{"timestamp":"2026-10-05T11:04:36.624404Z","level":"info","event":"prepared_rows: 3044168","logger":"task.stdout"}
{"timestamp":"2026-10-05T11:04:36.624582Z","level":"info","event":"full_daily_rows: 3078994","logger":"task.stdout"}
{"timestamp":"2026-10-05T11:04:36.624753Z","level":"info","event":"output: /project/artifacts/orchestration/runs/acceptance_petch_2f9b6c8_20261005_retry1/project/data/processed/sku_daily_demand_7d.csv.gz","logger":"task.stdout"}
{"timestamp":"2026-10-05T11:04:36.624916Z","level":"info","event":"full daily output: /project/artifacts/orchestration/runs/acceptance_petch_2f9b6c8_20261005_retry1/project/data/interim/sku_daily_sales.csv.gz","logger":"task.stdout"}
{"timestamp":"2026-10-05T11:04:36.761160Z","level":"info","event":"COMMAND: /opt/project-venv/bin/python scripts/validate_data.py","logger":"task.stdout"}
{"timestamp":"2026-10-05T11:04:43.093517Z","level":"info","event":"Data Validation ผ่าน","logger":"task.stdout"}
{"timestamp":"2026-10-05T11:04:43.093810Z","level":"info","event":"{","logger":"task.stdout"}
{"timestamp":"2026-10-05T11:04:43.094022Z","level":"info","event":"  \"status\": \"passed\",","logger":"task.stdout"}
{"timestamp":"2026-10-05T11:04:43.094222Z","level":"info","event":"  \"horizon_days\": 7,","logger":"task.stdout"}
{"timestamp":"2026-10-05T11:04:43.094360Z","level":"info","event":"  \"full_daily_rows\": 3078994,","logger":"task.stdout"}
{"timestamp":"2026-10-05T11:04:43.094488Z","level":"info","event":"  \"labeled_rows\": 3044168,","logger":"task.stdout"}
{"timestamp":"2026-10-05T11:04:43.094613Z","level":"info","event":"  \"full_daily_skus\": 4976,","logger":"task.stdout"}
{"timestamp":"2026-10-05T11:04:43.094738Z","level":"info","event":"  \"labeled_skus\": 4975,","logger":"task.stdout"}
{"timestamp":"2026-10-05T11:04:43.094863Z","level":"info","event":"  \"first_date\": \"2009-12-01\",","logger":"task.stdout"}
{"timestamp":"2026-10-05T11:04:43.094986Z","level":"info","event":"  \"last_observed_date\": \"2011-12-09\",","logger":"task.stdout"}
{"timestamp":"2026-10-05T11:04:43.095140Z","level":"info","event":"  \"last_origin_date\": \"2011-12-02\",","logger":"task.stdout"}
{"timestamp":"2026-10-05T11:04:43.095330Z","level":"info","event":"  \"duplicate_keys\": 0,","logger":"task.stdout"}
{"timestamp":"2026-10-05T11:04:43.095521Z","level":"info","event":"  \"missing_required_values\": 0,","logger":"task.stdout"}
{"timestamp":"2026-10-05T11:04:43.095688Z","level":"info","event":"  \"negative_or_fractional_units\": 0,","logger":"task.stdout"}
{"timestamp":"2026-10-05T11:04:43.095873Z","level":"info","event":"  \"incorrect_targets\": 0,","logger":"task.stdout"}
{"timestamp":"2026-10-05T11:04:43.096091Z","level":"info","event":"  \"daily_sha256\": \"5ef001b762e5fbbfd9aa51fa02da2fccd0b78b18f0cb146c3d93e175819009e2\",","logger":"task.stdout"}
{"timestamp":"2026-10-05T11:04:43.096284Z","level":"info","event":"  \"labels_sha256\": \"d4a291ec6e93827373063a0b4014022f777ce0eb2fb8fa1dbe6b1c26ce213156\",","logger":"task.stdout"}
{"timestamp":"2026-10-05T11:04:43.096521Z","level":"info","event":"  \"configuration_sha256\": \"3afac86e6986251e6d499fde26fab38e0394207e1bd4313f35727e8b9e7cb0b6\"","logger":"task.stdout"}
{"timestamp":"2026-10-05T11:04:43.096691Z","level":"info","event":"}","logger":"task.stdout"}
{"timestamp":"2026-10-05T11:04:43.191532Z","level":"info","event":"COMMAND: /opt/project-venv/bin/python scripts/build_features.py","logger":"task.stdout"}
{"timestamp":"2026-10-05T11:05:44.219649Z","level":"info","event":"สร้าง features และ time split สำเร็จ","logger":"task.stdout"}
{"timestamp":"2026-10-05T11:05:44.219997Z","level":"info","event":"{","logger":"task.stdout"}
{"timestamp":"2026-10-05T11:05:44.220156Z","level":"info","event":"  \"source_labeled_rows\": 3044168,","logger":"task.stdout"}
{"timestamp":"2026-10-05T11:05:44.220291Z","level":"info","event":"  \"omitted_warmup_rows\": 138801,","logger":"task.stdout"}
{"timestamp":"2026-10-05T11:05:44.220432Z","level":"info","event":"  \"omitted_split_boundary_rows\": 64589,","logger":"task.stdout"}
{"timestamp":"2026-10-05T11:05:44.220663Z","level":"info","event":"  \"forecast_horizon_days\": 7,","logger":"task.stdout"}
{"timestamp":"2026-10-05T11:05:44.220859Z","level":"info","event":"  \"configuration_sha256\": \"3afac86e6986251e6d499fde26fab38e0394207e1bd4313f35727e8b9e7cb0b6\",","logger":"task.stdout"}
{"timestamp":"2026-10-05T11:05:44.221095Z","level":"info","event":"  \"source_labels_sha256\": \"d4a291ec6e93827373063a0b4014022f777ce0eb2fb8fa1dbe6b1c26ce213156\",","logger":"task.stdout"}
{"timestamp":"2026-10-05T11:05:44.221318Z","level":"info","event":"  \"feature_columns\": [","logger":"task.stdout"}
{"timestamp":"2026-10-05T11:05:44.221515Z","level":"info","event":"    \"daily_sold_units\",","logger":"task.stdout"}
{"timestamp":"2026-10-05T11:05:44.221734Z","level":"info","event":"    \"days_since_first_sale\",","logger":"task.stdout"}
{"timestamp":"2026-10-05T11:05:44.221926Z","level":"info","event":"    \"sales_lag_1\",","logger":"task.stdout"}
{"timestamp":"2026-10-05T11:05:44.222111Z","level":"info","event":"    \"sales_lag_7\",","logger":"task.stdout"}
{"timestamp":"2026-10-05T11:05:44.222295Z","level":"info","event":"    \"sales_lag_14\",","logger":"task.stdout"}
{"timestamp":"2026-10-05T11:05:44.222482Z","level":"info","event":"    \"sales_lag_28\",","logger":"task.stdout"}
{"timestamp":"2026-10-05T11:05:44.222664Z","level":"info","event":"    \"sales_rolling_sum_7\",","logger":"task.stdout"}
{"timestamp":"2026-10-05T11:05:44.222835Z","level":"info","event":"    \"sales_rolling_sum_14\",","logger":"task.stdout"}
{"timestamp":"2026-10-05T11:05:44.223011Z","level":"info","event":"    \"sales_rolling_sum_28\",","logger":"task.stdout"}
{"timestamp":"2026-10-05T11:05:44.223188Z","level":"info","event":"    \"day_of_week\",","logger":"task.stdout"}
{"timestamp":"2026-10-05T11:05:44.223371Z","level":"info","event":"    \"month\",","logger":"task.stdout"}
{"timestamp":"2026-10-05T11:05:44.223551Z","level":"info","event":"    \"is_weekend\"","logger":"task.stdout"}
{"timestamp":"2026-10-05T11:05:44.223711Z","level":"info","event":"  ],","logger":"task.stdout"}
{"timestamp":"2026-10-05T11:05:44.223885Z","level":"info","event":"  \"splits\": {","logger":"task.stdout"}
{"timestamp":"2026-10-05T11:05:44.224053Z","level":"info","event":"    \"train\": {","logger":"task.stdout"}
{"timestamp":"2026-10-05T11:05:44.224240Z","level":"info","event":"      \"rows\": 2141532,","logger":"task.stdout"}
{"timestamp":"2026-10-05T11:05:44.224414Z","level":"info","event":"      \"skus\": 4522,","logger":"task.stdout"}
{"timestamp":"2026-10-05T11:05:44.224540Z","level":"info","event":"      \"first_origin_date\": \"2009-12-29\",","logger":"task.stdout"}
{"timestamp":"2026-10-05T11:05:44.224660Z","level":"info","event":"      \"last_origin_date\": \"2011-06-23\",","logger":"task.stdout"}
{"timestamp":"2026-10-05T11:05:44.224782Z","level":"info","event":"      \"path\": \"data/processed/train_features_7d.csv.gz\"","logger":"task.stdout"}
{"timestamp":"2026-10-05T11:05:44.224902Z","level":"info","event":"    },","logger":"task.stdout"}
{"timestamp":"2026-10-05T11:05:44.225022Z","level":"info","event":"    \"validation\": {","logger":"task.stdout"}
{"timestamp":"2026-10-05T11:05:44.225144Z","level":"info","event":"      \"rows\": 394699,","logger":"task.stdout"}
{"timestamp":"2026-10-05T11:05:44.225268Z","level":"info","event":"      \"skus\": 4700,","logger":"task.stdout"}
{"timestamp":"2026-10-05T11:05:44.225427Z","level":"info","event":"      \"first_origin_date\": \"2011-07-01\",","logger":"task.stdout"}
{"timestamp":"2026-10-05T11:05:44.225549Z","level":"info","event":"      \"last_origin_date\": \"2011-09-23\",","logger":"task.stdout"}
{"timestamp":"2026-10-05T11:05:44.225671Z","level":"info","event":"      \"path\": \"data/processed/validation_features_7d.csv.gz\"","logger":"task.stdout"}
{"timestamp":"2026-10-05T11:05:44.225793Z","level":"info","event":"    },","logger":"task.stdout"}
{"timestamp":"2026-10-05T11:05:44.225914Z","level":"info","event":"    \"test\": {","logger":"task.stdout"}
{"timestamp":"2026-10-05T11:05:44.226079Z","level":"info","event":"      \"rows\": 304547,","logger":"task.stdout"}
{"timestamp":"2026-10-05T11:05:44.226203Z","level":"info","event":"      \"skus\": 4939,","logger":"task.stdout"}
{"timestamp":"2026-10-05T11:05:44.226332Z","level":"info","event":"      \"first_origin_date\": \"2011-10-01\",","logger":"task.stdout"}
{"timestamp":"2026-10-05T11:05:44.226487Z","level":"info","event":"      \"last_origin_date\": \"2011-12-02\",","logger":"task.stdout"}
{"timestamp":"2026-10-05T11:05:44.226614Z","level":"info","event":"      \"path\": \"data/processed/test_features_7d.csv.gz\"","logger":"task.stdout"}
{"timestamp":"2026-10-05T11:05:44.226793Z","level":"info","event":"    }","logger":"task.stdout"}
{"timestamp":"2026-10-05T11:05:44.226957Z","level":"info","event":"  }","logger":"task.stdout"}
{"timestamp":"2026-10-05T11:05:44.227151Z","level":"info","event":"}","logger":"task.stdout"}
{"timestamp":"2026-10-05T11:05:44.306490Z","level":"info","event":"{\"stage\": \"prepare_data\", \"status\": \"success\", \"evidence\": \"/project/reports/orchestration/acceptance_petch_2f9b6c8_20261005_retry1\"}","logger":"task.stdout"}
{"timestamp":"2026-10-05T11:05:44.315842Z","level":"info","event":"Done. Returned value was: None","task_id":"prepare_data","run_id":"acceptance_petch_2f9b6c8_20261005_retry1","ti_id":"01a10bb7-e52a-7034-84dc-d4f27ebc0594","map_index":-1,"dag_id":"demand_forecasting_e2e","try_number":1,"logger":"airflow.task.operators.airflow.providers.standard.decorators.python._PythonDecoratedOperator","filename":"python.py","lineno":233}
{"timestamp":"2026-10-05T11:05:44.316268Z","level":"info","event":"::group::Post Execute","task_id":"prepare_data","run_id":"acceptance_petch_2f9b6c8_20261005_retry1","ti_id":"01a10bb7-e52a-7034-84dc-d4f27ebc0594","map_index":-1,"dag_id":"demand_forecasting_e2e","try_number":1,"logger":"task","filename":"task_runner.py","lineno":1580}
{"timestamp":"2026-10-05T11:05:44.331094Z","level":"info","event":"::endgroup::","task_id":"prepare_data","run_id":"acceptance_petch_2f9b6c8_20261005_retry1","ti_id":"01a10bb7-e52a-7034-84dc-d4f27ebc0594","map_index":-1,"dag_id":"demand_forecasting_e2e","try_number":1,"logger":"task","filename":"task_runner.py","lineno":2379}
