{"timestamp":"2026-10-05T11:05:44.988457Z","level":"info","event":"::group::Pre Execute","logger":"task","filename":"task_runner.py","lineno":2412}
{"timestamp":"2026-10-05T11:05:45.000334Z","level":"info","event":"DAG bundles loaded: dags-folder","task_id":"experiment_2","dag_id":"demand_forecasting_e2e","try_number":1,"run_id":"acceptance_petch_2f9b6c8_20261005_retry1","map_index":-1,"ti_id":"01a10bb7-e52b-7675-a3d5-4846e6e8e8d5","logger":"airflow.dag_processing.bundles.manager.DagBundlesManager","filename":"manager.py","lineno":304}
{"timestamp":"2026-10-05T11:05:45.001100Z","level":"info","event":"Filling up the DagBag from /project/orchestration/airflow/dags/demand_forecasting_e2e.py","task_id":"experiment_2","dag_id":"demand_forecasting_e2e","try_number":1,"run_id":"acceptance_petch_2f9b6c8_20261005_retry1","map_index":-1,"ti_id":"01a10bb7-e52b-7675-a3d5-4846e6e8e8d5","logger":"airflow.dag_processing.dagbag.BundleDagBag","filename":"dagbag.py","lineno":460}
{"timestamp":"2026-10-05T11:05:45.061629Z","level":"info","event":"Worker startup parse complete","bundle_name":"dags-folder","bundle_version":null,"dag_file":"demand_forecasting_e2e.py","dag_id":"demand_forecasting_e2e","bundle_prepare_ms":1,"dag_file_parse_ms":60,"task_id":"experiment_2","try_number":1,"run_id":"acceptance_petch_2f9b6c8_20261005_retry1","map_index":-1,"ti_id":"01a10bb7-e52b-7675-a3d5-4846e6e8e8d5","logger":"task","filename":"task_runner.py","lineno":1073}
{"timestamp":"2026-10-05T11:05:45.087718Z","level":"info","event":"::endgroup::","task_id":"experiment_2","dag_id":"demand_forecasting_e2e","try_number":1,"run_id":"acceptance_petch_2f9b6c8_20261005_retry1","map_index":-1,"ti_id":"01a10bb7-e52b-7675-a3d5-4846e6e8e8d5","logger":"task","filename":"task_runner.py","lineno":2232}
{"timestamp":"2026-10-05T11:05:45.089761Z","level":"info","event":"COMMAND: /opt/project-venv/bin/python /project/artifacts/orchestration/runs/acceptance_petch_2f9b6c8_20261005_retry1/project/orchestration/airflow/run_stage.py experiment_2 --run-id acceptance_petch_2f9b6c8_20261005_retry1 --scenario normal","logger":"task.stdout"}
{"timestamp":"2026-10-05T11:05:45.144136Z","level":"info","event":"COMMAND: /opt/project-venv/bin/python -m src.demand_forecasting.training.experiment2","logger":"task.stdout"}
{"timestamp":"2026-10-05T11:05:51.266657Z","level":"info","event":"Zero/low target ratios: {'train': {'target_eq_0': 0.557109116277506, 'target_le_1': 0.6123158561254279, 'target_le_5': 0.6982916902479159}, 'original_validation': {'target_eq_0': 0.5955956311011682, 'target_le_1': 0.6387855049037368, 'target_le_5': 0.7131054297071946}}","logger":"task.stdout"}
{"timestamp":"2026-10-05T11:05:51.267009Z","level":"info","event":"fold_1: train=967,606 validation=350,259","logger":"task.stdout"}
{"timestamp":"2026-10-05T11:05:59.043351Z","level":"info","event":"  historical_7d_sum: MAE=31.2150 RMSE=166.3923 WAPE=89.06%","logger":"task.stdout"}
{"timestamp":"2026-10-05T11:05:59.153458Z","level":"info","event":"  rf_regularized: MAE=38.1041 RMSE=126.4756 WAPE=108.72%","logger":"task.stdout"}
{"timestamp":"2026-10-05T11:05:59.303698Z","level":"info","event":"  rf_deeper: MAE=39.4926 RMSE=126.8077 WAPE=112.68%","logger":"task.stdout"}
{"timestamp":"2026-10-05T11:05:59.314716Z","level":"error","event":"/opt/project-venv/lib/python3.12/site-packages/sklearn/utils/validation.py:2749: UserWarning: X does not have valid feature names, but LGBMRegressor was fitted with feature names","logger":"task.stderr"}
{"timestamp":"2026-10-05T11:05:59.315044Z","level":"error","event":"  warnings.warn(","logger":"task.stderr"}
{"timestamp":"2026-10-05T11:05:59.638581Z","level":"info","event":"  lightgbm_l1: MAE=24.4084 RMSE=127.8942 WAPE=69.64%","logger":"task.stdout"}
{"timestamp":"2026-10-05T11:05:59.693760Z","level":"error","event":"/opt/project-venv/lib/python3.12/site-packages/sklearn/utils/validation.py:2749: UserWarning: X does not have valid feature names, but LGBMRegressor was fitted with feature names","logger":"task.stderr"}
{"timestamp":"2026-10-05T11:05:59.694171Z","level":"error","event":"  warnings.warn(","logger":"task.stderr"}
{"timestamp":"2026-10-05T11:05:59.882295Z","level":"info","event":"  two_stage_t0.35: MAE=24.4563 RMSE=123.9067 WAPE=69.78%","logger":"task.stdout"}
{"timestamp":"2026-10-05T11:05:59.930179Z","level":"error","event":"/opt/project-venv/lib/python3.12/site-packages/sklearn/utils/validation.py:2749: UserWarning: X does not have valid feature names, but LGBMRegressor was fitted with feature names","logger":"task.stderr"}
{"timestamp":"2026-10-05T11:05:59.930521Z","level":"error","event":"  warnings.warn(","logger":"task.stderr"}
{"timestamp":"2026-10-05T11:06:00.064165Z","level":"info","event":"  two_stage_t0.5: MAE=24.7664 RMSE=124.1789 WAPE=70.66%","logger":"task.stdout"}
{"timestamp":"2026-10-05T11:06:00.108687Z","level":"error","event":"/opt/project-venv/lib/python3.12/site-packages/sklearn/utils/validation.py:2749: UserWarning: X does not have valid feature names, but LGBMRegressor was fitted with feature names","logger":"task.stderr"}
{"timestamp":"2026-10-05T11:06:00.108936Z","level":"error","event":"  warnings.warn(","logger":"task.stderr"}
{"timestamp":"2026-10-05T11:06:00.214000Z","level":"info","event":"  two_stage_t0.65: MAE=25.3693 RMSE=124.6377 WAPE=72.38%","logger":"task.stdout"}
{"timestamp":"2026-10-05T11:06:00.214262Z","level":"info","event":"fold_2: train=1,350,367 validation=354,437","logger":"task.stdout"}
{"timestamp":"2026-10-05T11:06:09.982075Z","level":"info","event":"  historical_7d_sum: MAE=16.2549 RMSE=82.1687 WAPE=94.36%","logger":"task.stdout"}
{"timestamp":"2026-10-05T11:06:10.091337Z","level":"info","event":"  rf_regularized: MAE=17.8213 RMSE=64.1004 WAPE=103.46%","logger":"task.stdout"}
{"timestamp":"2026-10-05T11:06:10.250669Z","level":"info","event":"  rf_deeper: MAE=17.9964 RMSE=65.0585 WAPE=104.47%","logger":"task.stdout"}
{"timestamp":"2026-10-05T11:06:10.261037Z","level":"error","event":"/opt/project-venv/lib/python3.12/site-packages/sklearn/utils/validation.py:2749: UserWarning: X does not have valid feature names, but LGBMRegressor was fitted with feature names","logger":"task.stderr"}
{"timestamp":"2026-10-05T11:06:10.261246Z","level":"error","event":"  warnings.warn(","logger":"task.stderr"}
{"timestamp":"2026-10-05T11:06:10.554558Z","level":"info","event":"  lightgbm_l1: MAE=14.1178 RMSE=69.9188 WAPE=81.96%","logger":"task.stdout"}
{"timestamp":"2026-10-05T11:06:10.627795Z","level":"error","event":"/opt/project-venv/lib/python3.12/site-packages/sklearn/utils/validation.py:2749: UserWarning: X does not have valid feature names, but LGBMRegressor was fitted with feature names","logger":"task.stderr"}
{"timestamp":"2026-10-05T11:06:10.631492Z","level":"error","event":"  warnings.warn(","logger":"task.stderr"}
{"timestamp":"2026-10-05T11:06:10.982033Z","level":"info","event":"  two_stage_t0.35: MAE=14.3898 RMSE=68.0025 WAPE=83.54%","logger":"task.stdout"}
{"timestamp":"2026-10-05T11:06:11.026627Z","level":"error","event":"/opt/project-venv/lib/python3.12/site-packages/sklearn/utils/validation.py:2749: UserWarning: X does not have valid feature names, but LGBMRegressor was fitted with feature names","logger":"task.stderr"}
{"timestamp":"2026-10-05T11:06:11.026861Z","level":"error","event":"  warnings.warn(","logger":"task.stderr"}
{"timestamp":"2026-10-05T11:06:11.176661Z","level":"info","event":"  two_stage_t0.5: MAE=13.4826 RMSE=68.0983 WAPE=78.27%","logger":"task.stdout"}
{"timestamp":"2026-10-05T11:06:11.229212Z","level":"error","event":"/opt/project-venv/lib/python3.12/site-packages/sklearn/utils/validation.py:2749: UserWarning: X does not have valid feature names, but LGBMRegressor was fitted with feature names","logger":"task.stderr"}
{"timestamp":"2026-10-05T11:06:11.229453Z","level":"error","event":"  warnings.warn(","logger":"task.stderr"}
{"timestamp":"2026-10-05T11:06:11.312199Z","level":"info","event":"  two_stage_t0.65: MAE=13.9546 RMSE=68.4859 WAPE=81.01%","logger":"task.stdout"}
{"timestamp":"2026-10-05T11:06:11.312486Z","level":"info","event":"fold_3: train=1,739,235 validation=371,830","logger":"task.stdout"}
{"timestamp":"2026-10-05T11:06:19.022225Z","level":"info","event":"  historical_7d_sum: MAE=16.7483 RMSE=81.8411 WAPE=95.27%","logger":"task.stdout"}
{"timestamp":"2026-10-05T11:06:19.132654Z","level":"info","event":"  rf_regularized: MAE=16.5855 RMSE=61.6726 WAPE=94.34%","logger":"task.stdout"}
{"timestamp":"2026-10-05T11:06:19.303070Z","level":"info","event":"  rf_deeper: MAE=16.7946 RMSE=61.8180 WAPE=95.53%","logger":"task.stdout"}
{"timestamp":"2026-10-05T11:06:19.313200Z","level":"error","event":"/opt/project-venv/lib/python3.12/site-packages/sklearn/utils/validation.py:2749: UserWarning: X does not have valid feature names, but LGBMRegressor was fitted with feature names","logger":"task.stderr"}
{"timestamp":"2026-10-05T11:06:19.313425Z","level":"error","event":"  warnings.warn(","logger":"task.stderr"}
{"timestamp":"2026-10-05T11:06:19.654410Z","level":"info","event":"  lightgbm_l1: MAE=12.3838 RMSE=64.2838 WAPE=70.44%","logger":"task.stdout"}
{"timestamp":"2026-10-05T11:06:19.713045Z","level":"error","event":"/opt/project-venv/lib/python3.12/site-packages/sklearn/utils/validation.py:2749: UserWarning: X does not have valid feature names, but LGBMRegressor was fitted with feature names","logger":"task.stderr"}
{"timestamp":"2026-10-05T11:06:19.713366Z","level":"error","event":"  warnings.warn(","logger":"task.stderr"}
{"timestamp":"2026-10-05T11:06:19.856526Z","level":"info","event":"  two_stage_t0.35: MAE=12.5478 RMSE=62.3501 WAPE=71.37%","logger":"task.stdout"}
{"timestamp":"2026-10-05T11:06:19.902652Z","level":"error","event":"/opt/project-venv/lib/python3.12/site-packages/sklearn/utils/validation.py:2749: UserWarning: X does not have valid feature names, but LGBMRegressor was fitted with feature names","logger":"task.stderr"}
{"timestamp":"2026-10-05T11:06:19.903087Z","level":"error","event":"  warnings.warn(","logger":"task.stderr"}
{"timestamp":"2026-10-05T11:06:20.030415Z","level":"info","event":"  two_stage_t0.5: MAE=12.6888 RMSE=62.6243 WAPE=72.18%","logger":"task.stdout"}
{"timestamp":"2026-10-05T11:06:20.072860Z","level":"error","event":"/opt/project-venv/lib/python3.12/site-packages/sklearn/utils/validation.py:2749: UserWarning: X does not have valid feature names, but LGBMRegressor was fitted with feature names","logger":"task.stderr"}
{"timestamp":"2026-10-05T11:06:20.073106Z","level":"error","event":"  warnings.warn(","logger":"task.stderr"}
{"timestamp":"2026-10-05T11:06:20.165271Z","level":"info","event":"  two_stage_t0.65: MAE=13.0150 RMSE=63.0262 WAPE=74.03%","logger":"task.stdout"}
{"timestamp":"2026-10-05T11:06:20.165596Z","level":"info","event":"fold_4: train=2,141,532 validation=394,699","logger":"task.stdout"}
{"timestamp":"2026-10-05T11:06:27.950892Z","level":"info","event":"  historical_7d_sum: MAE=19.2015 RMSE=83.4931 WAPE=87.41%","logger":"task.stdout"}
{"timestamp":"2026-10-05T11:06:28.067163Z","level":"info","event":"  rf_regularized: MAE=17.9636 RMSE=64.7898 WAPE=81.77%","logger":"task.stdout"}
{"timestamp":"2026-10-05T11:06:28.253582Z","level":"info","event":"  rf_deeper: MAE=17.8501 RMSE=64.9832 WAPE=81.25%","logger":"task.stdout"}
{"timestamp":"2026-10-05T11:06:28.260690Z","level":"error","event":"/opt/project-venv/lib/python3.12/site-packages/sklearn/utils/validation.py:2749: UserWarning: X does not have valid feature names, but LGBMRegressor was fitted with feature names","logger":"task.stderr"}
{"timestamp":"2026-10-05T11:06:28.260932Z","level":"error","event":"  warnings.warn(","logger":"task.stderr"}
{"timestamp":"2026-10-05T11:06:28.609288Z","level":"info","event":"  lightgbm_l1: MAE=14.7644 RMSE=67.4779 WAPE=67.21%","logger":"task.stdout"}
{"timestamp":"2026-10-05T11:06:28.658020Z","level":"error","event":"/opt/project-venv/lib/python3.12/site-packages/sklearn/utils/validation.py:2749: UserWarning: X does not have valid feature names, but LGBMRegressor was fitted with feature names","logger":"task.stderr"}
{"timestamp":"2026-10-05T11:06:28.658253Z","level":"error","event":"  warnings.warn(","logger":"task.stderr"}
{"timestamp":"2026-10-05T11:06:28.826430Z","level":"info","event":"  two_stage_t0.35: MAE=14.7474 RMSE=66.0196 WAPE=67.13%","logger":"task.stdout"}
{"timestamp":"2026-10-05T11:06:28.887745Z","level":"error","event":"/opt/project-venv/lib/python3.12/site-packages/sklearn/utils/validation.py:2749: UserWarning: X does not have valid feature names, but LGBMRegressor was fitted with feature names","logger":"task.stderr"}
{"timestamp":"2026-10-05T11:06:28.887974Z","level":"error","event":"  warnings.warn(","logger":"task.stderr"}
{"timestamp":"2026-10-05T11:06:29.024859Z","level":"info","event":"  two_stage_t0.5: MAE=15.0681 RMSE=66.3650 WAPE=68.59%","logger":"task.stdout"}
{"timestamp":"2026-10-05T11:06:29.084978Z","level":"error","event":"/opt/project-venv/lib/python3.12/site-packages/sklearn/utils/validation.py:2749: UserWarning: X does not have valid feature names, but LGBMRegressor was fitted with feature names","logger":"task.stderr"}
{"timestamp":"2026-10-05T11:06:29.085211Z","level":"error","event":"  warnings.warn(","logger":"task.stderr"}
{"timestamp":"2026-10-05T11:06:29.197022Z","level":"info","event":"  two_stage_t0.65: MAE=15.5215 RMSE=66.8468 WAPE=70.65%","logger":"task.stdout"}
{"timestamp":"2026-10-05T11:06:30.051022Z","level":"error","event":"/opt/project-venv/lib/python3.12/site-packages/sklearn/utils/validation.py:2749: UserWarning: X does not have valid feature names, but LGBMRegressor was fitted with feature names","logger":"task.stderr"}
{"timestamp":"2026-10-05T11:06:30.051241Z","level":"error","event":"  warnings.warn(","logger":"task.stderr"}
{"timestamp":"2026-10-05T11:06:30.051968Z","level":"error","event":"/opt/project-venv/lib/python3.12/site-packages/sklearn/utils/validation.py:2749: UserWarning: X does not have valid feature names, but LGBMRegressor was fitted with feature names","logger":"task.stderr"}
{"timestamp":"2026-10-05T11:06:30.052163Z","level":"error","event":"  warnings.warn(","logger":"task.stderr"}
{"timestamp":"2026-10-05T11:06:30.106381Z","level":"info","event":"Selected lightgbm_l1: mean MAE=16.4186; baseline=20.8549","logger":"task.stdout"}
{"timestamp":"2026-10-05T11:06:30.106640Z","level":"info","event":"Artifacts: /project/artifacts/orchestration/runs/acceptance_petch_2f9b6c8_20261005_retry1/project/artifacts/training","logger":"task.stdout"}
{"timestamp":"2026-10-05T11:06:30.377511Z","level":"info","event":"{\"stage\": \"experiment_2\", \"status\": \"success\", \"evidence\": \"/project/reports/orchestration/acceptance_petch_2f9b6c8_20261005_retry1\"}","logger":"task.stdout"}
{"timestamp":"2026-10-05T11:06:30.385024Z","level":"info","event":"Done. Returned value was: None","task_id":"experiment_2","dag_id":"demand_forecasting_e2e","try_number":1,"run_id":"acceptance_petch_2f9b6c8_20261005_retry1","map_index":-1,"ti_id":"01a10bb7-e52b-7675-a3d5-4846e6e8e8d5","logger":"airflow.task.operators.airflow.providers.standard.decorators.python._PythonDecoratedOperator","filename":"python.py","lineno":233}
{"timestamp":"2026-10-05T11:06:30.385259Z","level":"info","event":"::group::Post Execute","task_id":"experiment_2","dag_id":"demand_forecasting_e2e","try_number":1,"run_id":"acceptance_petch_2f9b6c8_20261005_retry1","map_index":-1,"ti_id":"01a10bb7-e52b-7675-a3d5-4846e6e8e8d5","logger":"task","filename":"task_runner.py","lineno":1580}
{"timestamp":"2026-10-05T11:06:30.396635Z","level":"info","event":"::endgroup::","task_id":"experiment_2","dag_id":"demand_forecasting_e2e","try_number":1,"run_id":"acceptance_petch_2f9b6c8_20261005_retry1","map_index":-1,"ti_id":"01a10bb7-e52b-7675-a3d5-4846e6e8e8d5","logger":"task","filename":"task_runner.py","lineno":2379}
