{"timestamp":"2026-09-30T16:16:14.778005Z","level":"info","event":"::group::Pre Execute","logger":"task","filename":"task_runner.py","lineno":2412}
{"timestamp":"2026-09-30T16:16:14.782001Z","level":"info","event":"DAG bundles loaded: dags-folder","dag_id":"demand_forecasting_e2e","ti_id":"01a0f312-36da-7efe-ac18-0020f2f0147f","try_number":1,"run_id":"acceptance_petch_97f6252_20260930","map_index":-1,"task_id":"export_bundles","logger":"airflow.dag_processing.bundles.manager.DagBundlesManager","filename":"manager.py","lineno":304}
{"timestamp":"2026-09-30T16:16:14.782519Z","level":"info","event":"Filling up the DagBag from /project/orchestration/airflow/dags/demand_forecasting_e2e.py","dag_id":"demand_forecasting_e2e","ti_id":"01a0f312-36da-7efe-ac18-0020f2f0147f","try_number":1,"run_id":"acceptance_petch_97f6252_20260930","map_index":-1,"task_id":"export_bundles","logger":"airflow.dag_processing.dagbag.BundleDagBag","filename":"dagbag.py","lineno":460}
{"timestamp":"2026-09-30T16:16:14.815172Z","level":"info","event":"Worker startup parse complete","bundle_name":"dags-folder","bundle_version":null,"dag_file":"demand_forecasting_e2e.py","dag_id":"demand_forecasting_e2e","bundle_prepare_ms":0,"dag_file_parse_ms":32,"ti_id":"01a0f312-36da-7efe-ac18-0020f2f0147f","try_number":1,"run_id":"acceptance_petch_97f6252_20260930","map_index":-1,"task_id":"export_bundles","logger":"task","filename":"task_runner.py","lineno":1073}
{"timestamp":"2026-09-30T16:16:14.832840Z","level":"info","event":"::endgroup::","dag_id":"demand_forecasting_e2e","ti_id":"01a0f312-36da-7efe-ac18-0020f2f0147f","try_number":1,"run_id":"acceptance_petch_97f6252_20260930","map_index":-1,"task_id":"export_bundles","logger":"task","filename":"task_runner.py","lineno":2232}
{"timestamp":"2026-09-30T16:16:14.834418Z","level":"info","event":"COMMAND: /opt/project-venv/bin/python /project/artifacts/orchestration/runs/acceptance_petch_97f6252_20260930/project/orchestration/airflow/run_stage.py export_bundles --run-id acceptance_petch_97f6252_20260930 --scenario normal","logger":"task.stdout"}
{"timestamp":"2026-09-30T16:16:17.481803Z","level":"error","event":"/opt/project-venv/lib/python3.12/site-packages/sklearn/utils/validation.py:2749: UserWarning: X does not have valid feature names, but LGBMRegressor was fitted with feature names","logger":"task.stderr"}
{"timestamp":"2026-09-30T16:16:17.482052Z","level":"error","event":"  warnings.warn(","logger":"task.stderr"}
{"timestamp":"2026-09-30T16:16:17.484721Z","level":"error","event":"/opt/project-venv/lib/python3.12/site-packages/sklearn/utils/validation.py:2749: UserWarning: X does not have valid feature names, but LGBMRegressor was fitted with feature names","logger":"task.stderr"}
{"timestamp":"2026-09-30T16:16:17.484860Z","level":"error","event":"  warnings.warn(","logger":"task.stderr"}
{"timestamp":"2026-09-30T16:16:17.487556Z","level":"error","event":"/opt/project-venv/lib/python3.12/site-packages/sklearn/utils/validation.py:2749: UserWarning: X does not have valid feature names, but LGBMRegressor was fitted with feature names","logger":"task.stderr"}
{"timestamp":"2026-09-30T16:16:17.487714Z","level":"error","event":"  warnings.warn(","logger":"task.stderr"}
{"timestamp":"2026-09-30T16:16:17.488255Z","level":"error","event":"/opt/project-venv/lib/python3.12/site-packages/sklearn/utils/validation.py:2749: UserWarning: X does not have valid feature names, but LGBMRegressor was fitted with feature names","logger":"task.stderr"}
{"timestamp":"2026-09-30T16:16:17.488400Z","level":"error","event":"  warnings.warn(","logger":"task.stderr"}
{"timestamp":"2026-09-30T16:16:17.508714Z","level":"error","event":"/opt/project-venv/lib/python3.12/site-packages/sklearn/utils/validation.py:2749: UserWarning: X does not have valid feature names, but LGBMRegressor was fitted with feature names","logger":"task.stderr"}
{"timestamp":"2026-09-30T16:16:17.508892Z","level":"error","event":"  warnings.warn(","logger":"task.stderr"}
{"timestamp":"2026-09-30T16:16:17.509533Z","level":"error","event":"/opt/project-venv/lib/python3.12/site-packages/sklearn/utils/validation.py:2749: UserWarning: X does not have valid feature names, but LGBMRegressor was fitted with feature names","logger":"task.stderr"}
{"timestamp":"2026-09-30T16:16:17.509664Z","level":"error","event":"  warnings.warn(","logger":"task.stderr"}
{"timestamp":"2026-09-30T16:16:17.513435Z","level":"error","event":"/opt/project-venv/lib/python3.12/site-packages/sklearn/utils/validation.py:2749: UserWarning: X does not have valid feature names, but LGBMRegressor was fitted with feature names","logger":"task.stderr"}
{"timestamp":"2026-09-30T16:16:17.513594Z","level":"error","event":"  warnings.warn(","logger":"task.stderr"}
{"timestamp":"2026-09-30T16:16:17.514198Z","level":"error","event":"/opt/project-venv/lib/python3.12/site-packages/sklearn/utils/validation.py:2749: UserWarning: X does not have valid feature names, but LGBMRegressor was fitted with feature names","logger":"task.stderr"}
{"timestamp":"2026-09-30T16:16:17.514337Z","level":"error","event":"  warnings.warn(","logger":"task.stderr"}
{"timestamp":"2026-09-30T16:16:17.515968Z","level":"info","event":"{\"stage\": \"export_bundles\", \"status\": \"success\", \"evidence\": \"/project/reports/orchestration/acceptance_petch_97f6252_20260930\"}","logger":"task.stdout"}
{"timestamp":"2026-09-30T16:16:17.948406Z","level":"info","event":"Done. Returned value was: None","dag_id":"demand_forecasting_e2e","ti_id":"01a0f312-36da-7efe-ac18-0020f2f0147f","try_number":1,"run_id":"acceptance_petch_97f6252_20260930","map_index":-1,"task_id":"export_bundles","logger":"airflow.task.operators.airflow.providers.standard.decorators.python._PythonDecoratedOperator","filename":"python.py","lineno":233}
{"timestamp":"2026-09-30T16:16:17.948604Z","level":"info","event":"::group::Post Execute","dag_id":"demand_forecasting_e2e","ti_id":"01a0f312-36da-7efe-ac18-0020f2f0147f","try_number":1,"run_id":"acceptance_petch_97f6252_20260930","map_index":-1,"task_id":"export_bundles","logger":"task","filename":"task_runner.py","lineno":1580}
{"timestamp":"2026-09-30T16:16:17.958357Z","level":"info","event":"::endgroup::","dag_id":"demand_forecasting_e2e","ti_id":"01a0f312-36da-7efe-ac18-0020f2f0147f","try_number":1,"run_id":"acceptance_petch_97f6252_20260930","map_index":-1,"task_id":"export_bundles","logger":"task","filename":"task_runner.py","lineno":2379}
