{"timestamp":"2026-10-05T11:08:57.419846Z","level":"info","event":"::group::Pre Execute","logger":"task","filename":"task_runner.py","lineno":2412}
{"timestamp":"2026-10-05T11:08:57.425606Z","level":"info","event":"DAG bundles loaded: dags-folder","task_id":"export_bundles","dag_id":"demand_forecasting_e2e","try_number":1,"map_index":-1,"run_id":"acceptance_petch_2f9b6c8_20261005_retry1","ti_id":"01a10bb7-e530-75a6-a1fd-cafdaf0d6a13","logger":"airflow.dag_processing.bundles.manager.DagBundlesManager","filename":"manager.py","lineno":304}
{"timestamp":"2026-10-05T11:08:57.426293Z","level":"info","event":"Filling up the DagBag from /project/orchestration/airflow/dags/demand_forecasting_e2e.py","task_id":"export_bundles","dag_id":"demand_forecasting_e2e","try_number":1,"map_index":-1,"run_id":"acceptance_petch_2f9b6c8_20261005_retry1","ti_id":"01a10bb7-e530-75a6-a1fd-cafdaf0d6a13","logger":"airflow.dag_processing.dagbag.BundleDagBag","filename":"dagbag.py","lineno":460}
{"timestamp":"2026-10-05T11:08:57.463602Z","level":"info","event":"Worker startup parse complete","bundle_name":"dags-folder","bundle_version":null,"dag_file":"demand_forecasting_e2e.py","dag_id":"demand_forecasting_e2e","bundle_prepare_ms":1,"dag_file_parse_ms":37,"task_id":"export_bundles","try_number":1,"map_index":-1,"run_id":"acceptance_petch_2f9b6c8_20261005_retry1","ti_id":"01a10bb7-e530-75a6-a1fd-cafdaf0d6a13","logger":"task","filename":"task_runner.py","lineno":1073}
{"timestamp":"2026-10-05T11:08:57.486285Z","level":"info","event":"::endgroup::","task_id":"export_bundles","dag_id":"demand_forecasting_e2e","try_number":1,"map_index":-1,"run_id":"acceptance_petch_2f9b6c8_20261005_retry1","ti_id":"01a10bb7-e530-75a6-a1fd-cafdaf0d6a13","logger":"task","filename":"task_runner.py","lineno":2232}
{"timestamp":"2026-10-05T11:08:57.488111Z","level":"info","event":"COMMAND: /opt/project-venv/bin/python /project/artifacts/orchestration/runs/acceptance_petch_2f9b6c8_20261005_retry1/project/orchestration/airflow/run_stage.py export_bundles --run-id acceptance_petch_2f9b6c8_20261005_retry1 --scenario normal","logger":"task.stdout"}
{"timestamp":"2026-10-05T11:09:01.036066Z","level":"error","event":"/opt/project-venv/lib/python3.12/site-packages/sklearn/utils/validation.py:2749: UserWarning: X does not have valid feature names, but LGBMRegressor was fitted with feature names","logger":"task.stderr"}
{"timestamp":"2026-10-05T11:09:01.036422Z","level":"error","event":"  warnings.warn(","logger":"task.stderr"}
{"timestamp":"2026-10-05T11:09:01.041451Z","level":"error","event":"/opt/project-venv/lib/python3.12/site-packages/sklearn/utils/validation.py:2749: UserWarning: X does not have valid feature names, but LGBMRegressor was fitted with feature names","logger":"task.stderr"}
{"timestamp":"2026-10-05T11:09:01.041723Z","level":"error","event":"  warnings.warn(","logger":"task.stderr"}
{"timestamp":"2026-10-05T11:09:01.045966Z","level":"error","event":"/opt/project-venv/lib/python3.12/site-packages/sklearn/utils/validation.py:2749: UserWarning: X does not have valid feature names, but LGBMRegressor was fitted with feature names","logger":"task.stderr"}
{"timestamp":"2026-10-05T11:09:01.046227Z","level":"error","event":"  warnings.warn(","logger":"task.stderr"}
{"timestamp":"2026-10-05T11:09:01.046861Z","level":"error","event":"/opt/project-venv/lib/python3.12/site-packages/sklearn/utils/validation.py:2749: UserWarning: X does not have valid feature names, but LGBMRegressor was fitted with feature names","logger":"task.stderr"}
{"timestamp":"2026-10-05T11:09:01.047041Z","level":"error","event":"  warnings.warn(","logger":"task.stderr"}
{"timestamp":"2026-10-05T11:09:01.078222Z","level":"error","event":"/opt/project-venv/lib/python3.12/site-packages/sklearn/utils/validation.py:2749: UserWarning: X does not have valid feature names, but LGBMRegressor was fitted with feature names","logger":"task.stderr"}
{"timestamp":"2026-10-05T11:09:01.078480Z","level":"error","event":"  warnings.warn(","logger":"task.stderr"}
{"timestamp":"2026-10-05T11:09:01.079678Z","level":"error","event":"/opt/project-venv/lib/python3.12/site-packages/sklearn/utils/validation.py:2749: UserWarning: X does not have valid feature names, but LGBMRegressor was fitted with feature names","logger":"task.stderr"}
{"timestamp":"2026-10-05T11:09:01.079940Z","level":"error","event":"  warnings.warn(","logger":"task.stderr"}
{"timestamp":"2026-10-05T11:09:01.084782Z","level":"error","event":"/opt/project-venv/lib/python3.12/site-packages/sklearn/utils/validation.py:2749: UserWarning: X does not have valid feature names, but LGBMRegressor was fitted with feature names","logger":"task.stderr"}
{"timestamp":"2026-10-05T11:09:01.085015Z","level":"error","event":"  warnings.warn(","logger":"task.stderr"}
{"timestamp":"2026-10-05T11:09:01.086079Z","level":"error","event":"/opt/project-venv/lib/python3.12/site-packages/sklearn/utils/validation.py:2749: UserWarning: X does not have valid feature names, but LGBMRegressor was fitted with feature names","logger":"task.stderr"}
{"timestamp":"2026-10-05T11:09:01.086313Z","level":"error","event":"  warnings.warn(","logger":"task.stderr"}
{"timestamp":"2026-10-05T11:09:01.088542Z","level":"info","event":"{\"stage\": \"export_bundles\", \"status\": \"success\", \"evidence\": \"/project/reports/orchestration/acceptance_petch_2f9b6c8_20261005_retry1\"}","logger":"task.stdout"}
{"timestamp":"2026-10-05T11:09:01.807115Z","level":"info","event":"Done. Returned value was: None","task_id":"export_bundles","dag_id":"demand_forecasting_e2e","try_number":1,"map_index":-1,"run_id":"acceptance_petch_2f9b6c8_20261005_retry1","ti_id":"01a10bb7-e530-75a6-a1fd-cafdaf0d6a13","logger":"airflow.task.operators.airflow.providers.standard.decorators.python._PythonDecoratedOperator","filename":"python.py","lineno":233}
{"timestamp":"2026-10-05T11:09:01.807383Z","level":"info","event":"::group::Post Execute","task_id":"export_bundles","dag_id":"demand_forecasting_e2e","try_number":1,"map_index":-1,"run_id":"acceptance_petch_2f9b6c8_20261005_retry1","ti_id":"01a10bb7-e530-75a6-a1fd-cafdaf0d6a13","logger":"task","filename":"task_runner.py","lineno":1580}
{"timestamp":"2026-10-05T11:09:01.819644Z","level":"info","event":"::endgroup::","task_id":"export_bundles","dag_id":"demand_forecasting_e2e","try_number":1,"map_index":-1,"run_id":"acceptance_petch_2f9b6c8_20261005_retry1","ti_id":"01a10bb7-e530-75a6-a1fd-cafdaf0d6a13","logger":"task","filename":"task_runner.py","lineno":2379}
