{"timestamp":"2026-09-30T16:14:04.414601Z","level":"info","event":"::group::Pre Execute","logger":"task","filename":"task_runner.py","lineno":2412}
{"timestamp":"2026-09-30T16:14:04.420165Z","level":"info","event":"DAG bundles loaded: dags-folder","task_id":"experiment_3","run_id":"acceptance_petch_97f6252_20260930","try_number":1,"ti_id":"01a0f312-36d6-727b-b536-cfad6ab2f5d9","map_index":-1,"dag_id":"demand_forecasting_e2e","logger":"airflow.dag_processing.bundles.manager.DagBundlesManager","filename":"manager.py","lineno":304}
{"timestamp":"2026-09-30T16:14:04.420808Z","level":"info","event":"Filling up the DagBag from /project/orchestration/airflow/dags/demand_forecasting_e2e.py","task_id":"experiment_3","run_id":"acceptance_petch_97f6252_20260930","try_number":1,"ti_id":"01a0f312-36d6-727b-b536-cfad6ab2f5d9","map_index":-1,"dag_id":"demand_forecasting_e2e","logger":"airflow.dag_processing.dagbag.BundleDagBag","filename":"dagbag.py","lineno":460}
{"timestamp":"2026-09-30T16:14:04.453818Z","level":"info","event":"Worker startup parse complete","bundle_name":"dags-folder","bundle_version":null,"dag_file":"demand_forecasting_e2e.py","dag_id":"demand_forecasting_e2e","bundle_prepare_ms":1,"dag_file_parse_ms":33,"task_id":"experiment_3","run_id":"acceptance_petch_97f6252_20260930","try_number":1,"ti_id":"01a0f312-36d6-727b-b536-cfad6ab2f5d9","map_index":-1,"logger":"task","filename":"task_runner.py","lineno":1073}
{"timestamp":"2026-09-30T16:14:04.471661Z","level":"info","event":"::endgroup::","task_id":"experiment_3","run_id":"acceptance_petch_97f6252_20260930","try_number":1,"ti_id":"01a0f312-36d6-727b-b536-cfad6ab2f5d9","map_index":-1,"dag_id":"demand_forecasting_e2e","logger":"task","filename":"task_runner.py","lineno":2232}
{"timestamp":"2026-09-30T16:14:04.473167Z","level":"info","event":"COMMAND: /opt/project-venv/bin/python /project/artifacts/orchestration/runs/acceptance_petch_97f6252_20260930/project/orchestration/airflow/run_stage.py experiment_3 --run-id acceptance_petch_97f6252_20260930 --scenario normal","logger":"task.stdout"}
{"timestamp":"2026-09-30T16:14:04.517196Z","level":"info","event":"COMMAND: /opt/project-venv/bin/python -m src.demand_forecasting.training.experiment3","logger":"task.stdout"}
{"timestamp":"2026-09-30T16:14:09.338197Z","level":"info","event":"Train target distribution: {'train_rows': 2141532, 'mean': 24.4193820125032, 'variance': 19857.44835502198, 'variance_to_mean': 813.1839022320295, 'zero_ratio': 0.557109116277506, 'low_le_1_ratio': 0.6123158561254279, 'low_le_5_ratio': 0.6982916902479159, 'p95': 111}","logger":"task.stdout"}
{"timestamp":"2026-09-30T16:14:10.285174Z","level":"error","event":"/opt/project-venv/lib/python3.12/site-packages/sklearn/utils/validation.py:2749: UserWarning: X does not have valid feature names, but LGBMRegressor was fitted with feature names","logger":"task.stderr"}
{"timestamp":"2026-09-30T16:14:10.285522Z","level":"error","event":"  warnings.warn(","logger":"task.stderr"}
{"timestamp":"2026-09-30T16:14:10.663031Z","level":"info","event":"Reference fold_1: MAE=24.4084; baseline=31.2150","logger":"task.stdout"}
{"timestamp":"2026-09-30T16:14:11.440442Z","level":"error","event":"/opt/project-venv/lib/python3.12/site-packages/sklearn/utils/validation.py:2749: UserWarning: X does not have valid feature names, but LGBMRegressor was fitted with feature names","logger":"task.stderr"}
{"timestamp":"2026-09-30T16:14:11.440684Z","level":"error","event":"  warnings.warn(","logger":"task.stderr"}
{"timestamp":"2026-09-30T16:14:11.718405Z","level":"info","event":"Reference fold_2: MAE=14.1178; baseline=16.2549","logger":"task.stdout"}
{"timestamp":"2026-09-30T16:14:12.472182Z","level":"error","event":"/opt/project-venv/lib/python3.12/site-packages/sklearn/utils/validation.py:2749: UserWarning: X does not have valid feature names, but LGBMRegressor was fitted with feature names","logger":"task.stderr"}
{"timestamp":"2026-09-30T16:14:12.472431Z","level":"error","event":"  warnings.warn(","logger":"task.stderr"}
{"timestamp":"2026-09-30T16:14:12.763121Z","level":"info","event":"Reference fold_3: MAE=12.3838; baseline=16.7483","logger":"task.stdout"}
{"timestamp":"2026-09-30T16:14:13.576166Z","level":"error","event":"/opt/project-venv/lib/python3.12/site-packages/sklearn/utils/validation.py:2749: UserWarning: X does not have valid feature names, but LGBMRegressor was fitted with feature names","logger":"task.stderr"}
{"timestamp":"2026-09-30T16:14:13.576498Z","level":"error","event":"  warnings.warn(","logger":"task.stderr"}
{"timestamp":"2026-09-30T16:14:13.901493Z","level":"info","event":"Reference fold_4: MAE=14.7644; baseline=19.2015","logger":"task.stdout"}
{"timestamp":"2026-09-30T16:14:15.522449Z","level":"error","event":"/opt/project-venv/lib/python3.12/site-packages/sklearn/utils/validation.py:2749: UserWarning: X does not have valid feature names, but LGBMRegressor was fitted with feature names","logger":"task.stderr"}
{"timestamp":"2026-09-30T16:14:15.522704Z","level":"error","event":"  warnings.warn(","logger":"task.stderr"}
{"timestamp":"2026-09-30T16:14:16.049038Z","level":"info","event":"l1_more_trees fold_1: MAE=24.3461","logger":"task.stdout"}
{"timestamp":"2026-09-30T16:14:17.369955Z","level":"error","event":"/opt/project-venv/lib/python3.12/site-packages/sklearn/utils/validation.py:2749: UserWarning: X does not have valid feature names, but LGBMRegressor was fitted with feature names","logger":"task.stderr"}
{"timestamp":"2026-09-30T16:14:17.370205Z","level":"error","event":"  warnings.warn(","logger":"task.stderr"}
{"timestamp":"2026-09-30T16:14:17.857849Z","level":"info","event":"l1_more_trees fold_2: MAE=13.5197","logger":"task.stdout"}
{"timestamp":"2026-09-30T16:14:19.213129Z","level":"error","event":"/opt/project-venv/lib/python3.12/site-packages/sklearn/utils/validation.py:2749: UserWarning: X does not have valid feature names, but LGBMRegressor was fitted with feature names","logger":"task.stderr"}
{"timestamp":"2026-09-30T16:14:19.213367Z","level":"error","event":"  warnings.warn(","logger":"task.stderr"}
{"timestamp":"2026-09-30T16:14:19.862991Z","level":"info","event":"l1_more_trees fold_3: MAE=12.3795","logger":"task.stdout"}
{"timestamp":"2026-09-30T16:14:21.357587Z","level":"error","event":"/opt/project-venv/lib/python3.12/site-packages/sklearn/utils/validation.py:2749: UserWarning: X does not have valid feature names, but LGBMRegressor was fitted with feature names","logger":"task.stderr"}
{"timestamp":"2026-09-30T16:14:21.357822Z","level":"error","event":"  warnings.warn(","logger":"task.stderr"}
{"timestamp":"2026-09-30T16:14:22.008760Z","level":"info","event":"l1_more_trees fold_4: MAE=14.6647","logger":"task.stdout"}
{"timestamp":"2026-09-30T16:14:23.462620Z","level":"error","event":"/opt/project-venv/lib/python3.12/site-packages/sklearn/utils/validation.py:2749: UserWarning: X does not have valid feature names, but LGBMRegressor was fitted with feature names","logger":"task.stderr"}
{"timestamp":"2026-09-30T16:14:23.462842Z","level":"error","event":"  warnings.warn(","logger":"task.stderr"}
{"timestamp":"2026-09-30T16:14:24.056991Z","level":"info","event":"l1_capacity fold_1: MAE=24.2946","logger":"task.stdout"}
{"timestamp":"2026-09-30T16:14:25.462233Z","level":"error","event":"/opt/project-venv/lib/python3.12/site-packages/sklearn/utils/validation.py:2749: UserWarning: X does not have valid feature names, but LGBMRegressor was fitted with feature names","logger":"task.stderr"}
{"timestamp":"2026-09-30T16:14:25.462497Z","level":"error","event":"  warnings.warn(","logger":"task.stderr"}
{"timestamp":"2026-09-30T16:14:26.071354Z","level":"info","event":"l1_capacity fold_2: MAE=13.7416","logger":"task.stdout"}
{"timestamp":"2026-09-30T16:14:27.423150Z","level":"error","event":"/opt/project-venv/lib/python3.12/site-packages/sklearn/utils/validation.py:2749: UserWarning: X does not have valid feature names, but LGBMRegressor was fitted with feature names","logger":"task.stderr"}
{"timestamp":"2026-09-30T16:14:27.423405Z","level":"error","event":"  warnings.warn(","logger":"task.stderr"}
{"timestamp":"2026-09-30T16:14:28.009209Z","level":"info","event":"l1_capacity fold_3: MAE=12.4275","logger":"task.stdout"}
{"timestamp":"2026-09-30T16:14:29.422029Z","level":"error","event":"/opt/project-venv/lib/python3.12/site-packages/sklearn/utils/validation.py:2749: UserWarning: X does not have valid feature names, but LGBMRegressor was fitted with feature names","logger":"task.stderr"}
{"timestamp":"2026-09-30T16:14:29.422293Z","level":"error","event":"  warnings.warn(","logger":"task.stderr"}
{"timestamp":"2026-09-30T16:14:30.391606Z","level":"info","event":"l1_capacity fold_4: MAE=14.5750","logger":"task.stdout"}
{"timestamp":"2026-09-30T16:14:31.476436Z","level":"error","event":"/opt/project-venv/lib/python3.12/site-packages/sklearn/utils/validation.py:2749: UserWarning: X does not have valid feature names, but LGBMRegressor was fitted with feature names","logger":"task.stderr"}
{"timestamp":"2026-09-30T16:14:31.476691Z","level":"error","event":"  warnings.warn(","logger":"task.stderr"}
{"timestamp":"2026-09-30T16:14:31.827399Z","level":"info","event":"l1_regularized fold_1: MAE=24.5482","logger":"task.stdout"}
{"timestamp":"2026-09-30T16:14:32.875156Z","level":"error","event":"/opt/project-venv/lib/python3.12/site-packages/sklearn/utils/validation.py:2749: UserWarning: X does not have valid feature names, but LGBMRegressor was fitted with feature names","logger":"task.stderr"}
{"timestamp":"2026-09-30T16:14:32.875419Z","level":"error","event":"  warnings.warn(","logger":"task.stderr"}
{"timestamp":"2026-09-30T16:14:33.179621Z","level":"info","event":"l1_regularized fold_2: MAE=13.9008","logger":"task.stdout"}
{"timestamp":"2026-09-30T16:14:34.219173Z","level":"error","event":"/opt/project-venv/lib/python3.12/site-packages/sklearn/utils/validation.py:2749: UserWarning: X does not have valid feature names, but LGBMRegressor was fitted with feature names","logger":"task.stderr"}
{"timestamp":"2026-09-30T16:14:34.219410Z","level":"error","event":"  warnings.warn(","logger":"task.stderr"}
{"timestamp":"2026-09-30T16:14:34.623014Z","level":"info","event":"l1_regularized fold_3: MAE=12.5058","logger":"task.stdout"}
{"timestamp":"2026-09-30T16:14:35.682140Z","level":"error","event":"/opt/project-venv/lib/python3.12/site-packages/sklearn/utils/validation.py:2749: UserWarning: X does not have valid feature names, but LGBMRegressor was fitted with feature names","logger":"task.stderr"}
{"timestamp":"2026-09-30T16:14:35.682373Z","level":"error","event":"  warnings.warn(","logger":"task.stderr"}
{"timestamp":"2026-09-30T16:14:36.107523Z","level":"info","event":"l1_regularized fold_4: MAE=14.8217","logger":"task.stdout"}
{"timestamp":"2026-09-30T16:14:36.804591Z","level":"error","event":"/opt/project-venv/lib/python3.12/site-packages/sklearn/utils/validation.py:2749: UserWarning: X does not have valid feature names, but LGBMRegressor was fitted with feature names","logger":"task.stderr"}
{"timestamp":"2026-09-30T16:14:36.804843Z","level":"error","event":"  warnings.warn(","logger":"task.stderr"}
{"timestamp":"2026-09-30T16:14:37.081188Z","level":"info","event":"poisson_count fold_1: MAE=34.5084","logger":"task.stdout"}
{"timestamp":"2026-09-30T16:14:37.785016Z","level":"error","event":"/opt/project-venv/lib/python3.12/site-packages/sklearn/utils/validation.py:2749: UserWarning: X does not have valid feature names, but LGBMRegressor was fitted with feature names","logger":"task.stderr"}
{"timestamp":"2026-09-30T16:14:37.785295Z","level":"error","event":"  warnings.warn(","logger":"task.stderr"}
{"timestamp":"2026-09-30T16:14:38.031154Z","level":"info","event":"poisson_count fold_2: MAE=17.9498","logger":"task.stdout"}
{"timestamp":"2026-09-30T16:14:38.707030Z","level":"error","event":"/opt/project-venv/lib/python3.12/site-packages/sklearn/utils/validation.py:2749: UserWarning: X does not have valid feature names, but LGBMRegressor was fitted with feature names","logger":"task.stderr"}
{"timestamp":"2026-09-30T16:14:38.707290Z","level":"error","event":"  warnings.warn(","logger":"task.stderr"}
{"timestamp":"2026-09-30T16:14:38.955665Z","level":"info","event":"poisson_count fold_3: MAE=15.9051","logger":"task.stdout"}
{"timestamp":"2026-09-30T16:14:39.640104Z","level":"error","event":"/opt/project-venv/lib/python3.12/site-packages/sklearn/utils/validation.py:2749: UserWarning: X does not have valid feature names, but LGBMRegressor was fitted with feature names","logger":"task.stderr"}
{"timestamp":"2026-09-30T16:14:39.640368Z","level":"error","event":"  warnings.warn(","logger":"task.stderr"}
{"timestamp":"2026-09-30T16:14:39.986089Z","level":"info","event":"poisson_count fold_4: MAE=18.0326","logger":"task.stdout"}
{"timestamp":"2026-09-30T16:15:01.260152Z","level":"error","event":"/opt/project-venv/lib/python3.12/site-packages/sklearn/utils/validation.py:2749: UserWarning: X does not have valid feature names, but LGBMRegressor was fitted with feature names","logger":"task.stderr"}
{"timestamp":"2026-09-30T16:15:01.260443Z","level":"error","event":"  warnings.warn(","logger":"task.stderr"}
{"timestamp":"2026-09-30T16:15:01.260987Z","level":"error","event":"/opt/project-venv/lib/python3.12/site-packages/sklearn/utils/validation.py:2749: UserWarning: X does not have valid feature names, but LGBMRegressor was fitted with feature names","logger":"task.stderr"}
{"timestamp":"2026-09-30T16:15:01.261151Z","level":"error","event":"  warnings.warn(","logger":"task.stderr"}
{"timestamp":"2026-09-30T16:15:01.310335Z","level":"info","event":"Final candidate: l1_more_trees mean MAE=16.2275, baseline=20.8549, fit rows=2,536,231","logger":"task.stdout"}
{"timestamp":"2026-09-30T16:15:01.310574Z","level":"info","event":"Artifacts: /project/artifacts/orchestration/runs/acceptance_petch_97f6252_20260930/project/artifacts/training","logger":"task.stdout"}
{"timestamp":"2026-09-30T16:15:01.471199Z","level":"info","event":"{\"stage\": \"experiment_3\", \"status\": \"success\", \"evidence\": \"/project/reports/orchestration/acceptance_petch_97f6252_20260930\"}","logger":"task.stdout"}
{"timestamp":"2026-09-30T16:15:01.478460Z","level":"info","event":"Done. Returned value was: None","task_id":"experiment_3","run_id":"acceptance_petch_97f6252_20260930","try_number":1,"ti_id":"01a0f312-36d6-727b-b536-cfad6ab2f5d9","map_index":-1,"dag_id":"demand_forecasting_e2e","logger":"airflow.task.operators.airflow.providers.standard.decorators.python._PythonDecoratedOperator","filename":"python.py","lineno":233}
{"timestamp":"2026-09-30T16:15:01.478785Z","level":"info","event":"::group::Post Execute","task_id":"experiment_3","run_id":"acceptance_petch_97f6252_20260930","try_number":1,"ti_id":"01a0f312-36d6-727b-b536-cfad6ab2f5d9","map_index":-1,"dag_id":"demand_forecasting_e2e","logger":"task","filename":"task_runner.py","lineno":1580}
{"timestamp":"2026-09-30T16:15:01.488853Z","level":"info","event":"::endgroup::","task_id":"experiment_3","run_id":"acceptance_petch_97f6252_20260930","try_number":1,"ti_id":"01a0f312-36d6-727b-b536-cfad6ab2f5d9","map_index":-1,"dag_id":"demand_forecasting_e2e","logger":"task","filename":"task_runner.py","lineno":2379}
