{"timestamp":"2026-10-05T11:08:41.181430Z","level":"info","event":"::group::Pre Execute","logger":"task","filename":"task_runner.py","lineno":2412}
{"timestamp":"2026-10-05T11:08:41.186217Z","level":"info","event":"DAG bundles loaded: dags-folder","map_index":-1,"dag_id":"demand_forecasting_e2e","run_id":"acceptance_petch_2f9b6c8_20261005_retry1","task_id":"register_models","try_number":1,"ti_id":"01a10bb7-e52f-768a-9603-717fd65d02bd","logger":"airflow.dag_processing.bundles.manager.DagBundlesManager","filename":"manager.py","lineno":304}
{"timestamp":"2026-10-05T11:08:41.186966Z","level":"info","event":"Filling up the DagBag from /project/orchestration/airflow/dags/demand_forecasting_e2e.py","map_index":-1,"dag_id":"demand_forecasting_e2e","run_id":"acceptance_petch_2f9b6c8_20261005_retry1","task_id":"register_models","try_number":1,"ti_id":"01a10bb7-e52f-768a-9603-717fd65d02bd","logger":"airflow.dag_processing.dagbag.BundleDagBag","filename":"dagbag.py","lineno":460}
{"timestamp":"2026-10-05T11:08:41.225379Z","level":"info","event":"Worker startup parse complete","bundle_name":"dags-folder","bundle_version":null,"dag_file":"demand_forecasting_e2e.py","dag_id":"demand_forecasting_e2e","bundle_prepare_ms":1,"dag_file_parse_ms":38,"map_index":-1,"run_id":"acceptance_petch_2f9b6c8_20261005_retry1","task_id":"register_models","try_number":1,"ti_id":"01a10bb7-e52f-768a-9603-717fd65d02bd","logger":"task","filename":"task_runner.py","lineno":1073}
{"timestamp":"2026-10-05T11:08:41.246309Z","level":"info","event":"::endgroup::","map_index":-1,"dag_id":"demand_forecasting_e2e","run_id":"acceptance_petch_2f9b6c8_20261005_retry1","task_id":"register_models","try_number":1,"ti_id":"01a10bb7-e52f-768a-9603-717fd65d02bd","logger":"task","filename":"task_runner.py","lineno":2232}
{"timestamp":"2026-10-05T11:08:41.248428Z","level":"info","event":"COMMAND: /opt/project-venv/bin/python /project/artifacts/orchestration/runs/acceptance_petch_2f9b6c8_20261005_retry1/project/orchestration/airflow/run_stage.py register_models --run-id acceptance_petch_2f9b6c8_20261005_retry1 --scenario normal","logger":"task.stdout"}
{"timestamp":"2026-10-05T11:08:45.322836Z","level":"error","event":"2026/10/05 11:08:45 INFO mlflow.store.db.utils: Creating initial MLflow database tables...","logger":"task.stderr"}
{"timestamp":"2026-10-05T11:08:45.348449Z","level":"error","event":"2026/10/05 11:08:45 INFO mlflow.store.db.utils: Updating database tables","logger":"task.stderr"}
{"timestamp":"2026-10-05T11:08:46.888324Z","level":"error","event":"/opt/project-venv/lib/python3.12/site-packages/sklearn/utils/validation.py:2749: UserWarning: X does not have valid feature names, but LGBMRegressor was fitted with feature names","logger":"task.stderr"}
{"timestamp":"2026-10-05T11:08:46.888564Z","level":"error","event":"  warnings.warn(","logger":"task.stderr"}
{"timestamp":"2026-10-05T11:08:46.898716Z","level":"error","event":"/opt/project-venv/lib/python3.12/site-packages/sklearn/utils/validation.py:2749: UserWarning: X does not have valid feature names, but LGBMRegressor was fitted with feature names","logger":"task.stderr"}
{"timestamp":"2026-10-05T11:08:46.898943Z","level":"error","event":"  warnings.warn(","logger":"task.stderr"}
{"timestamp":"2026-10-05T11:08:48.197149Z","level":"error","event":"/opt/project-venv/lib/python3.12/site-packages/sklearn/utils/validation.py:2749: UserWarning: X does not have valid feature names, but LGBMRegressor was fitted with feature names","logger":"task.stderr"}
{"timestamp":"2026-10-05T11:08:48.197416Z","level":"error","event":"  warnings.warn(","logger":"task.stderr"}
{"timestamp":"2026-10-05T11:08:48.233249Z","level":"error","event":"2026/10/05 11:08:48 WARNING mlflow.sklearn: Saving scikit-learn models in the pickle or cloudpickle format requires exercising caution because these formats rely on Python's object serialization mechanism, which can execute arbitrary code during deserialization. The recommended safe alternative is the 'skops' format. For more information, see: https://scikit-learn.org/stable/model_persistence.html","logger":"task.stderr"}
{"timestamp":"2026-10-05T11:08:52.606510Z","level":"error","event":"/opt/project-venv/lib/python3.12/site-packages/sklearn/utils/validation.py:2749: UserWarning: X does not have valid feature names, but LGBMRegressor was fitted with feature names","logger":"task.stderr"}
{"timestamp":"2026-10-05T11:08:52.606759Z","level":"error","event":"  warnings.warn(","logger":"task.stderr"}
{"timestamp":"2026-10-05T11:08:52.635657Z","level":"error","event":"Successfully registered model 'demand-forecasting-7d'.","logger":"task.stderr"}
{"timestamp":"2026-10-05T11:08:52.647751Z","level":"error","event":"Created version '1' of model 'demand-forecasting-7d'.","logger":"task.stderr"}
{"timestamp":"2026-10-05T11:08:52.838983Z","level":"error","event":"/opt/project-venv/lib/python3.12/site-packages/sklearn/utils/validation.py:2749: UserWarning: X does not have valid feature names, but LGBMRegressor was fitted with feature names","logger":"task.stderr"}
{"timestamp":"2026-10-05T11:08:52.839240Z","level":"error","event":"  warnings.warn(","logger":"task.stderr"}
{"timestamp":"2026-10-05T11:08:52.869064Z","level":"error","event":"2026/10/05 11:08:52 WARNING mlflow.sklearn: Saving scikit-learn models in the pickle or cloudpickle format requires exercising caution because these formats rely on Python's object serialization mechanism, which can execute arbitrary code during deserialization. The recommended safe alternative is the 'skops' format. For more information, see: https://scikit-learn.org/stable/model_persistence.html","logger":"task.stderr"}
{"timestamp":"2026-10-05T11:08:56.284113Z","level":"error","event":"/opt/project-venv/lib/python3.12/site-packages/sklearn/utils/validation.py:2749: UserWarning: X does not have valid feature names, but LGBMRegressor was fitted with feature names","logger":"task.stderr"}
{"timestamp":"2026-10-05T11:08:56.284454Z","level":"error","event":"  warnings.warn(","logger":"task.stderr"}
{"timestamp":"2026-10-05T11:08:56.309695Z","level":"error","event":"Registered model 'demand-forecasting-7d' already exists. Creating a new version of this model...","logger":"task.stderr"}
{"timestamp":"2026-10-05T11:08:56.318629Z","level":"error","event":"Created version '2' of model 'demand-forecasting-7d'.","logger":"task.stderr"}
{"timestamp":"2026-10-05T11:08:56.456579Z","level":"info","event":"{\"stage\": \"register_models\", \"status\": \"success\", \"evidence\": \"/project/reports/orchestration/acceptance_petch_2f9b6c8_20261005_retry1\"}","logger":"task.stdout"}
{"timestamp":"2026-10-05T11:08:57.252434Z","level":"info","event":"Done. Returned value was: None","map_index":-1,"dag_id":"demand_forecasting_e2e","run_id":"acceptance_petch_2f9b6c8_20261005_retry1","task_id":"register_models","try_number":1,"ti_id":"01a10bb7-e52f-768a-9603-717fd65d02bd","logger":"airflow.task.operators.airflow.providers.standard.decorators.python._PythonDecoratedOperator","filename":"python.py","lineno":233}
{"timestamp":"2026-10-05T11:08:57.252712Z","level":"info","event":"::group::Post Execute","map_index":-1,"dag_id":"demand_forecasting_e2e","run_id":"acceptance_petch_2f9b6c8_20261005_retry1","task_id":"register_models","try_number":1,"ti_id":"01a10bb7-e52f-768a-9603-717fd65d02bd","logger":"task","filename":"task_runner.py","lineno":1580}
{"timestamp":"2026-10-05T11:08:57.265476Z","level":"info","event":"::endgroup::","map_index":-1,"dag_id":"demand_forecasting_e2e","run_id":"acceptance_petch_2f9b6c8_20261005_retry1","task_id":"register_models","try_number":1,"ti_id":"01a10bb7-e52f-768a-9603-717fd65d02bd","logger":"task","filename":"task_runner.py","lineno":2379}
